// Jest Snapshot v1, https://goo.gl/fbAQLP

exports[`FilSystem.FilSystem.copyChild 0 1`] = `null`;

exports[`FilSystem.FilSystem.copyChild 1 1`] = `null`;

exports[`FilSystem.FilSystem.copyChild 2 1`] = `null`;

exports[`FilSystem.FilSystem.copyChild 3 1`] = `null`;

exports[`FilSystem.FilSystem.copyChild 4 1`] = `null`;

exports[`FilSystem.FilSystem.copyChild 5 1`] = `null`;

exports[`FilSystem.FilSystem.findItem 0 1`] = `null`;

exports[`FilSystem.FilSystem.findItem 1 1`] = `null`;

exports[`FilSystem.FilSystem.findItem 2 1`] = `null`;

exports[`FilSystem.FilSystem.findItem 3 1`] = `null`;

exports[`FilSystem.FilSystem.findItem 4 1`] = `null`;

exports[`FilSystem.FilSystem.findItem FilSystem.FilSystem.findAllItems 0 1`] = `Array []`;

exports[`FilSystem.FilSystem.findItem FilSystem.FilSystem.findAllItems 1 1`] = `Array []`;

exports[`FilSystem.FilSystem.findItem FilSystem.FilSystem.findAllItems 2 1`] = `Array []`;

exports[`FilSystem.FilSystem.findItem FilSystem.FilSystem.findAllItems 3 1`] = `Array []`;

exports[`FilSystem.FilSystem.findItem FilSystem.FilSystem.findAllItems 4 1`] = `Array []`;

exports[`FilSystem.FilSystem.findItem FilSystem.FilSystem.findAllItems FilSystem.FilSystem.fuzzySearch 0 1`] = `Array []`;

exports[`FilSystem.FilSystem.findItem FilSystem.FilSystem.findAllItems FilSystem.FilSystem.fuzzySearch 1 1`] = `Array []`;

exports[`FilSystem.FilSystem.findItem FilSystem.FilSystem.findAllItems FilSystem.FilSystem.fuzzySearch 2 1`] = `Array []`;

exports[`FilSystem.FilSystem.findItem FilSystem.FilSystem.findAllItems FilSystem.FilSystem.fuzzySearch 3 1`] = `Array []`;

exports[`FilSystem.FilSystem.findItem FilSystem.FilSystem.findAllItems FilSystem.FilSystem.fuzzySearch 4 1`] = `Array []`;

exports[`FilSystem.FilSystem.findItem FilSystem.FilSystem.findAllItems FilSystem.FilSystem.fuzzySearch 5 1`] = `Array []`;

exports[`FilSystem.FilSystem.findItem FilSystem.FilSystem.findAllItems FilSystem.FilSystem.setupAndFind 0 1`] = `null`;

exports[`FilSystem.FilSystem.findItem FilSystem.FilSystem.findAllItems FilSystem.FilSystem.setupAndFind 1 1`] = `null`;

exports[`FilSystem.FilSystem.findItem FilSystem.FilSystem.findAllItems FilSystem.FilSystem.setupAndFind 2 1`] = `Array []`;

exports[`FilSystem.FilSystem.findItem FilSystem.FilSystem.findAllItems FilSystem.FilSystem.setupAndFind 3 1`] = `null`;

exports[`FilSystem.FilSystem.findItem FilSystem.FilSystem.findAllItems FilSystem.FilSystem.setupAndFind 4 1`] = `null`;

exports[`FilSystem.FilSystem.findItem FilSystem.FilSystem.findAllItems FilSystem.FilSystem.setupAndFind FilSystem.FilSystem._findItem 0 1`] = `Array []`;

exports[`FilSystem.FilSystem.findItem FilSystem.FilSystem.findAllItems FilSystem.FilSystem.setupAndFind FilSystem.FilSystem._findItem 1 1`] = `null`;

exports[`FilSystem.FilSystem.findItem FilSystem.FilSystem.findAllItems FilSystem.FilSystem.setupAndFind FilSystem.FilSystem._findItem 2 1`] = `null`;

exports[`FilSystem.FilSystem.findItem FilSystem.FilSystem.findAllItems FilSystem.FilSystem.setupAndFind FilSystem.FilSystem._findItem 3 1`] = `Array []`;

exports[`FilSystem.FilSystem.findItem FilSystem.FilSystem.findAllItems FilSystem.FilSystem.setupAndFind FilSystem.FilSystem._findItem 4 1`] = `Array []`;

exports[`FilSystem.FilSystem.getChild 0 1`] = `null`;

exports[`FilSystem.FilSystem.getChild 1 1`] = `null`;

exports[`FilSystem.FilSystem.getChild 2 1`] = `null`;

exports[`FilSystem.FilSystem.getChild 3 1`] = `null`;

exports[`FilSystem.FilSystem.getChild 4 1`] = `null`;

exports[`FilSystem.FilSystem.getChild 5 1`] = `null`;

exports[`FilSystem.FilSystem.goBack 0 1`] = `null`;

exports[`FilSystem.FilSystem.goBack 1 1`] = `null`;

exports[`FilSystem.FilSystem.goBack 2 1`] = `null`;

exports[`FilSystem.FilSystem.goBack 3 1`] = `null`;

exports[`FilSystem.FilSystem.goBack 4 1`] = `null`;

exports[`FilSystem.FilSystem.goBack 5 1`] = `null`;

exports[`FilSystem.FilSystem.goBackToDirectory 0 1`] = `null`;

exports[`FilSystem.FilSystem.goBackToDirectory 1 1`] = `null`;

exports[`FilSystem.FilSystem.goBackToDirectory 2 1`] = `null`;

exports[`FilSystem.FilSystem.goBackToDirectory 3 1`] = `null`;

exports[`FilSystem.FilSystem.goBackToDirectory 4 1`] = `null`;

exports[`FilSystem.FilSystem.goBackToDirectory 5 1`] = `null`;

exports[`FilSystem.FilSystem.hasChild 0 1`] = `false`;

exports[`FilSystem.FilSystem.hasChild 1 1`] = `false`;

exports[`FilSystem.FilSystem.hasChild 2 1`] = `false`;

exports[`FilSystem.FilSystem.hasChild 3 1`] = `false`;

exports[`FilSystem.FilSystem.hasChild 4 1`] = `false`;

exports[`FilSystem.FilSystem.hasChild 5 1`] = `false`;

exports[`FilSystem.FilSystem.openDirectory 0 1`] = `null`;

exports[`FilSystem.FilSystem.openDirectory 1 1`] = `null`;

exports[`FilSystem.FilSystem.openDirectory 2 1`] = `null`;

exports[`FilSystem.FilSystem.openDirectory 3 1`] = `null`;

exports[`FilSystem.FilSystem.openDirectory 4 1`] = `null`;

exports[`FilSystem.FilSystem.removeChild 0 1`] = `false`;

exports[`FilSystem.FilSystem.removeChild 1 1`] = `false`;

exports[`FilSystem.FilSystem.removeChild 2 1`] = `false`;

exports[`FilSystem.FilSystem.removeChild 3 1`] = `false`;

exports[`FilSystem.FilSystem.removeChild 4 1`] = `false`;

exports[`FilSystem.FilSystem.removeChild 5 1`] = `false`;

exports[`FilSystem.FilSystem.renameChild 0 1`] = `null`;

exports[`FilSystem.FilSystem.renameChild 1 1`] = `null`;

exports[`FilSystem.FilSystem.renameChild 2 1`] = `null`;

exports[`FilSystem.FilSystem.renameChild 3 1`] = `null`;

exports[`FilSystem.FilSystem.renameChild 4 1`] = `null`;

exports[`FilSystem.FilSystem.renameChild 5 1`] = `null`;
