// Jest Snapshot v1, https://goo.gl/fbAQLP

exports[`1 1`] = `"testnet"`;

exports[`2 1`] = `"devnet"`;

exports[`3 1`] = `"devnet"`;

exports[`4 1`] = `"devnet"`;

exports[`Solana.getClusterFromNetworkConfig 0 1`] = `"mainnet-beta"`;

exports[`Solana.sleep 0 1`] = `Promise {}`;

exports[`Solana.sleep 1 1`] = `Promise {}`;

exports[`Solana.sleep 2 1`] = `Promise {}`;

exports[`Solana.sleep 3 1`] = `Promise {}`;
