// Jest Snapshot v1, https://goo.gl/fbAQLP

exports[`Solana.getClusterFromNetworkConfig 0 1`] = `"mainnet-beta"`;

exports[`Solana.getClusterFromNetworkConfig 1 1`] = `"testnet"`;

exports[`Solana.getClusterFromNetworkConfig 2 1`] = `"devnet"`;

exports[`Solana.getClusterFromNetworkConfig 3 1`] = `"devnet"`;

exports[`Solana.getClusterFromNetworkConfig 4 1`] = `"devnet"`;

exports[`Solana.getClusterFromNetworkConfig Solana.sleep 0 1`] = `Promise {}`;

exports[`Solana.getClusterFromNetworkConfig Solana.sleep 1 1`] = `Promise {}`;

exports[`Solana.getClusterFromNetworkConfig Solana.sleep 2 1`] = `Promise {}`;

exports[`Solana.getClusterFromNetworkConfig Solana.sleep 3 1`] = `Promise {}`;
