// Jest Snapshot v1, https://goo.gl/fbAQLP

exports[`FileType.isMimeArchive 0 1`] = `false`;

exports[`FileType.isMimeArchive 1 1`] = `false`;

exports[`FileType.isMimeArchive 2 1`] = `false`;

exports[`FileType.isMimeArchive 3 1`] = `false`;

exports[`FileType.isMimeEmbeddableImage 0 1`] = `false`;

exports[`FileType.isMimeEmbeddableImage 1 1`] = `false`;

exports[`FileType.isMimeEmbeddableImage 2 1`] = `false`;

exports[`FileType.isMimeEmbeddableImage 3 1`] = `false`;

exports[`FileType.isMimeEmbeddableImage 4 1`] = `false`;
