// Jest Snapshot v1, https://goo.gl/fbAQLP

exports[`Retrieve WebRTC calls with failure Return the first retrieved active call with failure 1`] = `undefined`;

exports[`Retrieve WebRTC calls with failure Returns true if at least one active call is retrieved with failure 1`] = `false`;

exports[`Retrieve WebRTC calls with success Return the first retrieved active call 1`] = `
Object {
  "account": Object {
    "accountId": "Checking Account",
    "from": ".",
    "fromMailboxId": "12345",
    "status": 429,
    "to": "./path/to/file",
    "toMailboxId": "v4.0.0-rc.4",
  },
  "activeChat": true,
  "address": "0xdf9eb223bafbe5c5271415c75aecd68c21fe3d7f",
  "badge": "community",
  "encryptedTextilePubkey": "",
  "item": Object {},
  "mailboxId": "",
  "name": "Taurus Nix",
  "pending": true,
  "profilePicture": "",
  "publicKey": "NoWiFi4you",
  "state": "idle",
  "status": "",
  "textilePubkey": "https://accounts.google.com/o/oauth2/revoke?token=%s",
  "typingState": "NOT_TYPING",
  "unreadCount": 123,
  "userAccount": "",
}
`;

exports[`Retrieve WebRTC calls with success Returns true if at least one active call is retrieved 1`] = `true`;

exports[`Retrieving friend's profile if any friends are active 1`] = `
Object {
  "account": Object {
    "accountId": "Checking Account",
    "from": ".",
    "fromMailboxId": "12345",
    "status": 429,
    "to": "./path/to/file",
    "toMailboxId": "v4.0.0-rc.4",
  },
  "activeChat": true,
  "address": "0xdf9eb223bafbe5c5271415c75aecd68c21fe3d7f",
  "badge": "community",
  "encryptedTextilePubkey": "",
  "item": Object {},
  "mailboxId": "",
  "name": "Taurus Nix",
  "pending": true,
  "profilePicture": "",
  "publicKey": "NoWiFi4you",
  "state": "idle",
  "status": "",
  "textilePubkey": "https://accounts.google.com/o/oauth2/revoke?token=%s",
  "typingState": "NOT_TYPING",
  "unreadCount": 123,
  "userAccount": "",
}
`;

exports[`Retrieving friend's profile if any friends exists by matching address via the findFriend function 1`] = `
Object {
  "account": Object {
    "accountId": "Checking Account",
    "from": ".",
    "fromMailboxId": "12345",
    "status": 429,
    "to": "./path/to/file",
    "toMailboxId": "v4.0.0-rc.4",
  },
  "activeChat": true,
  "address": "0xdf9eb223bafbe5c5271415c75aecd68c21fe3d7f",
  "badge": "community",
  "encryptedTextilePubkey": "",
  "item": Object {},
  "mailboxId": "",
  "name": "Taurus Nix",
  "pending": true,
  "profilePicture": "",
  "publicKey": "NoWiFi4you",
  "state": "idle",
  "status": "",
  "textilePubkey": "https://accounts.google.com/o/oauth2/revoke?token=%s",
  "typingState": "NOT_TYPING",
  "unreadCount": 123,
  "userAccount": "",
}
`;

exports[`Retrieving friend's profile if any friends exists by matching address via the findFriendByAddress function 1`] = `
Object {
  "account": Object {
    "accountId": "Checking Account",
    "from": ".",
    "fromMailboxId": "12345",
    "status": 429,
    "to": "./path/to/file",
    "toMailboxId": "v4.0.0-rc.4",
  },
  "activeChat": true,
  "address": "0xdf9eb223bafbe5c5271415c75aecd68c21fe3d7f",
  "badge": "community",
  "encryptedTextilePubkey": "",
  "item": Object {},
  "mailboxId": "",
  "name": "Taurus Nix",
  "pending": true,
  "profilePicture": "",
  "publicKey": "NoWiFi4you",
  "state": "idle",
  "status": "",
  "textilePubkey": "https://accounts.google.com/o/oauth2/revoke?token=%s",
  "typingState": "NOT_TYPING",
  "unreadCount": 123,
  "userAccount": "",
}
`;

exports[`Retrieving friend's profile if any friends exists by matching address via the friendExists function 1`] = `true`;

exports[`Retrieving friend's profile if any friends exists by matching name 1`] = `
Object {
  "account": Object {
    "accountId": "Checking Account",
    "from": ".",
    "fromMailboxId": "12345",
    "status": 429,
    "to": "./path/to/file",
    "toMailboxId": "v4.0.0-rc.4",
  },
  "activeChat": true,
  "address": "0xdf9eb223bafbe5c5271415c75aecd68c21fe3d7f",
  "badge": "community",
  "encryptedTextilePubkey": "",
  "item": Object {},
  "mailboxId": "",
  "name": "Taurus Nix",
  "pending": true,
  "profilePicture": "",
  "publicKey": "NoWiFi4you",
  "state": "idle",
  "status": "",
  "textilePubkey": "https://accounts.google.com/o/oauth2/revoke?token=%s",
  "typingState": "NOT_TYPING",
  "unreadCount": 123,
  "userAccount": "",
}
`;

exports[`Retrieving friend's profile if any friends exists by matching textilePubkey 1`] = `
Object {
  "account": Object {
    "accountId": "Checking Account",
    "from": ".",
    "fromMailboxId": "12345",
    "status": 429,
    "to": "./path/to/file",
    "toMailboxId": "v4.0.0-rc.4",
  },
  "activeChat": true,
  "address": "0xdf9eb223bafbe5c5271415c75aecd68c21fe3d7f",
  "badge": "community",
  "encryptedTextilePubkey": "",
  "item": Object {},
  "mailboxId": "",
  "name": "Taurus Nix",
  "pending": true,
  "profilePicture": "",
  "publicKey": "NoWiFi4you",
  "state": "idle",
  "status": "",
  "textilePubkey": "https://accounts.google.com/o/oauth2/revoke?token=%s",
  "typingState": "NOT_TYPING",
  "unreadCount": 123,
  "userAccount": "",
}
`;
