// Jest Snapshot v1, https://goo.gl/fbAQLP

exports[`Logger.default._log 0 1`] = `undefined`;

exports[`Logger.default._log 1 1`] = `undefined`;

exports[`Logger.default._log 2 1`] = `undefined`;

exports[`Logger.default._log 3 1`] = `undefined`;

exports[`Logger.default._log 4 1`] = `undefined`;

exports[`Logger.default._log 5 1`] = `undefined`;

exports[`Logger.default.log 0 1`] = `undefined`;

exports[`Logger.default.log 1 1`] = `undefined`;

exports[`Logger.default.log 2 1`] = `undefined`;

exports[`Logger.default.log 3 1`] = `undefined`;

exports[`Logger.default.log 4 1`] = `undefined`;

exports[`Logger.default.log 5 1`] = `undefined`;
