// Jest Snapshot v1, https://goo.gl/fbAQLP

exports[`Logger.default._log 0 1`] = `undefined`;

exports[`Logger.default._log 1 1`] = `undefined`;

exports[`Logger.default._log 2 1`] = `undefined`;

exports[`Logger.default.debug 0 1`] = `undefined`;

exports[`Logger.default.debug 1 1`] = `undefined`;

exports[`Logger.default.debug 2 1`] = `undefined`;

exports[`Logger.default.debug 3 1`] = `undefined`;

exports[`Logger.default.debug 4 1`] = `undefined`;

exports[`Logger.default.debug 5 1`] = `undefined`;

exports[`Logger.default.error 0 1`] = `undefined`;

exports[`Logger.default.error 1 1`] = `undefined`;

exports[`Logger.default.error 2 1`] = `undefined`;

exports[`Logger.default.error 3 1`] = `undefined`;

exports[`Logger.default.error 4 1`] = `undefined`;

exports[`Logger.default.error 5 1`] = `undefined`;

exports[`Logger.default.info 0 1`] = `undefined`;

exports[`Logger.default.info 1 1`] = `undefined`;

exports[`Logger.default.info 2 1`] = `undefined`;

exports[`Logger.default.info 3 1`] = `undefined`;

exports[`Logger.default.info 4 1`] = `undefined`;

exports[`Logger.default.info 5 1`] = `undefined`;

exports[`Logger.default.log 0 1`] = `undefined`;

exports[`Logger.default.log 2 1`] = `undefined`;

exports[`Logger.default.log 4 1`] = `undefined`;

exports[`Logger.default.prod 1 1`] = `undefined`;

exports[`Logger.default.prod 2 1`] = `undefined`;

exports[`Logger.default.prod 4 1`] = `undefined`;

exports[`Logger.default.warn 0 1`] = `undefined`;

exports[`Logger.default.warn 1 1`] = `undefined`;

exports[`Logger.default.warn 2 1`] = `undefined`;

exports[`Logger.default.warn 3 1`] = `undefined`;

exports[`Logger.default.warn 4 1`] = `undefined`;

exports[`Logger.default.warn 5 1`] = `undefined`;
