// Jest Snapshot v1, https://goo.gl/fbAQLP

exports[`Messaging.refreshTimestampInterval 0 1`] = `4`;

exports[`Messaging.refreshTimestampInterval 1 1`] = `7`;

exports[`Messaging.refreshTimestampInterval 2 1`] = `10`;

exports[`Messaging.refreshTimestampInterval 3 1`] = `13`;

exports[`Messaging.refreshTimestampInterval 4 1`] = `16`;

exports[`Messaging.refreshTimestampInterval 5 1`] = `19`;
