// Jest Snapshot v1, https://goo.gl/fbAQLP

exports[`utils.accountFromWallet 0 1`] = `
Object {
  "address": "192.168.1.5",
  "mnemonic": "NoWiFi4you",
  "path": ".",
  "privateKey": "33jgEsrsjEoPvT",
}
`;

exports[`utils.accountFromWallet 1 1`] = `
Object {
  "address": "192.168.1.5",
  "mnemonic": "$p3onyycat",
  "path": "path/to/folder/",
  "privateKey": "33jgEsrsjEoPvT",
}
`;

exports[`utils.accountFromWallet 2 1`] = `
Object {
  "address": "192.168.1.5",
  "mnemonic": "$p3onyycat",
  "path": "path/to/file.ext",
  "privateKey": "cob44bki1yBguuKqyzC",
}
`;

exports[`utils.accountFromWallet 3 1`] = `
Object {
  "address": "192.168.1.5",
  "mnemonic": "accessdenied4u",
  "path": "path/to/folder/",
  "privateKey": "57VGJAGpCzfn8YGj9RLUYp",
}
`;

exports[`utils.accountFromWallet 4 1`] = `
Object {
  "address": "0.0.0.0",
  "mnemonic": "YouarenotAllowed2Use",
  "path": "path/to/folder/",
  "privateKey": "33jgEsrsjEoPvT",
}
`;

exports[`utils.accountFromWallet 5 1`] = `
Object {
  "address": "",
  "mnemonic": "",
  "path": "",
  "privateKey": "",
}
`;
