// Jest Snapshot v1, https://goo.gl/fbAQLP

exports[`SearchUtil.filterSearchRecommendResult 0 1`] = `Array []`;

exports[`SearchUtil.filterSearchRecommendResult 0 2`] = `Array []`;

exports[`SearchUtil.filterSearchRecommendResult 1 1`] = `Array []`;

exports[`SearchUtil.filterSearchRecommendResult 1 2`] = `Array []`;

exports[`SearchUtil.filterSearchRecommendResult 2 1`] = `Array []`;

exports[`SearchUtil.filterSearchRecommendResult 2 2`] = `Array []`;

exports[`SearchUtil.filterSearchRecommendResult 3 1`] = `Array []`;

exports[`SearchUtil.filterSearchRecommendResult 3 2`] = `Array []`;

exports[`SearchUtil.filterSearchRecommendResult 4 1`] = `Array []`;

exports[`SearchUtil.getCommandMetaList 0 1`] = `
Array [
  Object {
    "description": "user",
    "name": "from",
    "title": "From User",
    "type": "user",
  },
  Object {
    "description": "user",
    "name": "mentions",
    "title": "Mentions User",
    "type": "user",
  },
  Object {
    "description": "link, embed or file",
    "name": "has",
    "title": "Message contains",
    "type": "has",
  },
  Object {
    "description": "specific date",
    "name": "before",
    "title": "",
    "type": "date",
  },
  Object {
    "description": "specific date",
    "name": "after",
    "title": "",
    "type": "date",
  },
  Object {
    "description": "specific date",
    "name": "during",
    "title": "",
    "type": "date",
  },
  Object {
    "description": "channel",
    "name": "in",
    "title": "In Channel",
    "type": "channel",
  },
]
`;

exports[`SearchUtil.getCommandMetaList 0 2`] = `
Array [
  Object {
    "description": "user",
    "name": "from",
    "title": "From User",
    "type": "user",
  },
  Object {
    "description": "user",
    "name": "mentions",
    "title": "Mentions User",
    "type": "user",
  },
  Object {
    "description": "link, embed or file",
    "name": "has",
    "title": "Message contains",
    "type": "has",
  },
  Object {
    "description": "specific date",
    "name": "before",
    "title": "",
    "type": "date",
  },
  Object {
    "description": "specific date",
    "name": "after",
    "title": "",
    "type": "date",
  },
  Object {
    "description": "specific date",
    "name": "during",
    "title": "",
    "type": "date",
  },
  Object {
    "description": "channel",
    "name": "in",
    "title": "In Channel",
    "type": "channel",
  },
]
`;

exports[`SearchUtil.getCommandTypeParams 0 1`] = `
Object {
  "channel": Object {
    "key": "channels",
  },
  "date": Object {
    "key": "date",
  },
  "has": Object {
    "key": "has",
    "options": Array [
      Object {
        "key": "link",
        "value": "link",
      },
      Object {
        "key": "embed",
        "value": "embed",
      },
      Object {
        "key": "file",
        "value": "file",
      },
      Object {
        "key": "video",
        "value": "video",
      },
      Object {
        "key": "image",
        "value": "image",
      },
      Object {
        "key": "sound",
        "value": "sound",
      },
    ],
    "values": Array [
      "link",
      "embed",
      "file",
      "video",
      "image",
      "sound",
    ],
  },
  "user": Object {
    "key": "users",
  },
}
`;

exports[`SearchUtil.getSearchOrderTypeList 0 1`] = `
Array [
  Object {
    "title": "New",
    "type": "new",
  },
  Object {
    "title": "Old",
    "type": "old",
  },
  Object {
    "title": "Relevant",
    "type": "relevant",
  },
]
`;

exports[`SearchUtil.getSearchOrderTypeList 0 2`] = `
Array [
  Object {
    "title": "New",
    "type": "new",
  },
  Object {
    "title": "Old",
    "type": "old",
  },
  Object {
    "title": "Relevant",
    "type": "relevant",
  },
]
`;

exports[`SearchUtil.getSearchResultGroupList 0 1`] = `
Array [
  Object {
    "count": 5,
    "title": "Messages",
    "type": "messages",
  },
  Object {
    "count": 3,
    "title": "Files",
    "type": "files",
  },
  Object {
    "count": 0,
    "title": "Channels",
    "type": "channels",
  },
  Object {
    "count": 0,
    "title": "People",
    "type": "people",
  },
]
`;

exports[`SearchUtil.getSearchResultGroupList 0 2`] = `
Array [
  Object {
    "count": 5,
    "title": "Messages",
    "type": "messages",
  },
  Object {
    "count": 3,
    "title": "Files",
    "type": "files",
  },
  Object {
    "count": 0,
    "title": "Channels",
    "type": "channels",
  },
  Object {
    "count": 0,
    "title": "People",
    "type": "people",
  },
]
`;

exports[`SearchUtil.getTextCommandMap 0 1`] = `
Object {
  "after": "after",
  "before": "before",
  "during": "during",
  "from": "from",
  "has": "has",
  "in": "in",
  "mentions": "mentions",
}
`;

exports[`SearchUtil.getTextCommandMap 0 2`] = `
Object {
  "after": "after",
  "before": "before",
  "during": "during",
  "from": "from",
  "has": "has",
  "in": "in",
  "mentions": "mentions",
}
`;

exports[`SearchUtil.filterSearchRecommendResult 0 1`] = `Array []`;

exports[`SearchUtil.filterSearchRecommendResult 0 2`] = `Array []`;

exports[`SearchUtil.filterSearchRecommendResult 1 1`] = `Array []`;

exports[`SearchUtil.filterSearchRecommendResult 1 2`] = `Array []`;

exports[`SearchUtil.filterSearchRecommendResult 2 1`] = `Array []`;

exports[`SearchUtil.filterSearchRecommendResult 2 2`] = `Array []`;

exports[`SearchUtil.filterSearchRecommendResult 3 1`] = `Array []`;

exports[`SearchUtil.filterSearchRecommendResult 3 2`] = `Array []`;

exports[`SearchUtil.filterSearchRecommendResult 4 1`] = `Array []`;

exports[`SearchUtil.getCommandMetaList 0 1`] = `
Array [
  Object {
    "description": "user",
    "name": "from",
    "title": "From User",
    "type": "user",
  },
  Object {
    "description": "user",
    "name": "mentions",
    "title": "Mentions User",
    "type": "user",
  },
  Object {
    "description": "link, embed or file",
    "name": "has",
    "title": "Message contains",
    "type": "has",
  },
  Object {
    "description": "specific date",
    "name": "before",
    "title": "",
    "type": "date",
  },
  Object {
    "description": "specific date",
    "name": "after",
    "title": "",
    "type": "date",
  },
  Object {
    "description": "specific date",
    "name": "during",
    "title": "",
    "type": "date",
  },
  Object {
    "description": "channel",
    "name": "in",
    "title": "In Channel",
    "type": "channel",
  },
]
`;

exports[`SearchUtil.getCommandMetaList 0 2`] = `
Array [
  Object {
    "description": "user",
    "name": "from",
    "title": "From User",
    "type": "user",
  },
  Object {
    "description": "user",
    "name": "mentions",
    "title": "Mentions User",
    "type": "user",
  },
  Object {
    "description": "link, embed or file",
    "name": "has",
    "title": "Message contains",
    "type": "has",
  },
  Object {
    "description": "specific date",
    "name": "before",
    "title": "",
    "type": "date",
  },
  Object {
    "description": "specific date",
    "name": "after",
    "title": "",
    "type": "date",
  },
  Object {
    "description": "specific date",
    "name": "during",
    "title": "",
    "type": "date",
  },
  Object {
    "description": "channel",
    "name": "in",
    "title": "In Channel",
    "type": "channel",
  },
]
`;

exports[`SearchUtil.getCommandTypeParams 0 1`] = `
Object {
  "channel": Object {
    "key": "channels",
  },
  "date": Object {
    "key": "date",
  },
  "has": Object {
    "key": "has",
    "options": Array [
      Object {
        "key": "link",
        "value": "link",
      },
      Object {
        "key": "embed",
        "value": "embed",
      },
      Object {
        "key": "file",
        "value": "file",
      },
      Object {
        "key": "video",
        "value": "video",
      },
      Object {
        "key": "image",
        "value": "image",
      },
      Object {
        "key": "sound",
        "value": "sound",
      },
    ],
    "values": Array [
      "link",
      "embed",
      "file",
      "video",
      "image",
      "sound",
    ],
  },
  "user": Object {
    "key": "users",
  },
}
`;

exports[`SearchUtil.getSearchOrderTypeList 0 1`] = `
Array [
  Object {
    "title": "New",
    "type": "new",
  },
  Object {
    "title": "Old",
    "type": "old",
  },
  Object {
    "title": "Relevant",
    "type": "relevant",
  },
]
`;

exports[`SearchUtil.getSearchOrderTypeList 0 2`] = `
Array [
  Object {
    "title": "New",
    "type": "new",
  },
  Object {
    "title": "Old",
    "type": "old",
  },
  Object {
    "title": "Relevant",
    "type": "relevant",
  },
]
`;

exports[`SearchUtil.getSearchResultGroupList 0 1`] = `
Array [
  Object {
    "count": 5,
    "title": "Messages",
    "type": "messages",
  },
  Object {
    "count": 3,
    "title": "Files",
    "type": "files",
  },
  Object {
    "count": 0,
    "title": "Channels",
    "type": "channels",
  },
  Object {
    "count": 0,
    "title": "People",
    "type": "people",
  },
]
`;

exports[`SearchUtil.getSearchResultGroupList 0 2`] = `
Array [
  Object {
    "count": 5,
    "title": "Messages",
    "type": "messages",
  },
  Object {
    "count": 3,
    "title": "Files",
    "type": "files",
  },
  Object {
    "count": 0,
    "title": "Channels",
    "type": "channels",
  },
  Object {
    "count": 0,
    "title": "People",
    "type": "people",
  },
]
`;

exports[`SearchUtil.getTextCommandMap 0 1`] = `
Object {
  "after": "after",
  "before": "before",
  "during": "during",
  "from": "from",
  "has": "has",
  "in": "in",
  "mentions": "mentions",
}
`;

exports[`SearchUtil.getTextCommandMap 0 2`] = `
Object {
  "after": "after",
  "before": "before",
  "during": "during",
  "from": "from",
  "has": "has",
  "in": "in",
  "mentions": "mentions",
}
`;
