// Jest Snapshot v1, https://goo.gl/fbAQLP

exports[`mutations.default.addFriend 0 1`] = `undefined`;

exports[`mutations.default.addFriend 1 1`] = `undefined`;

exports[`mutations.default.addFriend 2 1`] = `undefined`;

exports[`mutations.default.addFriend 3 1`] = `undefined`;

exports[`mutations.default.addFriend 4 1`] = `undefined`;

exports[`mutations.default.addFriend 5 1`] = `undefined`;

exports[`mutations.default.addIncomingRequest 0 1`] = `undefined`;

exports[`mutations.default.addIncomingRequest 1 1`] = `undefined`;

exports[`mutations.default.addIncomingRequest 2 1`] = `undefined`;

exports[`mutations.default.addIncomingRequest 3 1`] = `undefined`;

exports[`mutations.default.addIncomingRequest 4 1`] = `undefined`;

exports[`mutations.default.addIncomingRequest 5 1`] = `undefined`;

exports[`mutations.default.addOutgoingRequest 0 1`] = `undefined`;

exports[`mutations.default.addOutgoingRequest 1 1`] = `undefined`;

exports[`mutations.default.addOutgoingRequest 2 1`] = `undefined`;

exports[`mutations.default.addOutgoingRequest 3 1`] = `undefined`;

exports[`mutations.default.addOutgoingRequest 4 1`] = `undefined`;

exports[`mutations.default.addOutgoingRequest 5 1`] = `undefined`;

exports[`mutations.default.removeFriend 0 1`] = `undefined`;

exports[`mutations.default.removeFriend 1 1`] = `undefined`;

exports[`mutations.default.removeFriend 2 1`] = `undefined`;

exports[`mutations.default.removeFriend 3 1`] = `undefined`;

exports[`mutations.default.removeFriend 4 1`] = `undefined`;

exports[`mutations.default.removeIncomingRequest 0 1`] = `undefined`;

exports[`mutations.default.removeIncomingRequest 1 1`] = `undefined`;

exports[`mutations.default.removeIncomingRequest 2 1`] = `undefined`;

exports[`mutations.default.removeIncomingRequest 3 1`] = `undefined`;

exports[`mutations.default.removeIncomingRequest 4 1`] = `undefined`;

exports[`mutations.default.removeIncomingRequest 5 1`] = `undefined`;

exports[`mutations.default.removeOutgoingRequest 0 1`] = `undefined`;

exports[`mutations.default.removeOutgoingRequest 1 1`] = `undefined`;

exports[`mutations.default.removeOutgoingRequest 2 1`] = `undefined`;

exports[`mutations.default.removeOutgoingRequest 3 1`] = `undefined`;

exports[`mutations.default.removeOutgoingRequest 4 1`] = `undefined`;

exports[`mutations.default.removeOutgoingRequest 5 1`] = `undefined`;

exports[`mutations.default.setActive 0 1`] = `undefined`;

exports[`mutations.default.setActive 1 1`] = `undefined`;

exports[`mutations.default.setActive 2 1`] = `undefined`;

exports[`mutations.default.setActive 3 1`] = `undefined`;

exports[`mutations.default.setActive 4 1`] = `undefined`;

exports[`mutations.default.setActive 5 1`] = `undefined`;

exports[`mutations.default.setNote 0 1`] = `undefined`;

exports[`mutations.default.setNote 1 1`] = `undefined`;

exports[`mutations.default.setNote 2 1`] = `undefined`;

exports[`mutations.default.setNote 3 1`] = `undefined`;

exports[`mutations.default.setNote 4 1`] = `undefined`;

exports[`mutations.default.setNote 5 1`] = `undefined`;

exports[`mutations.default.setStored 0 1`] = `undefined`;

exports[`mutations.default.setStored 1 1`] = `undefined`;

exports[`mutations.default.setStored 2 1`] = `undefined`;

exports[`mutations.default.setStored 3 1`] = `undefined`;

exports[`mutations.default.setStored 4 1`] = `undefined`;

exports[`mutations.default.setStored 5 1`] = `undefined`;

exports[`mutations.default.sortFriends 0 1`] = `undefined`;

exports[`mutations.default.sortFriends 1 1`] = `undefined`;

exports[`mutations.default.sortFriends 2 1`] = `undefined`;

exports[`mutations.default.sortFriends 3 1`] = `undefined`;

exports[`mutations.default.sortFriends 4 1`] = `undefined`;

exports[`mutations.default.sortFriends 5 1`] = `undefined`;

exports[`mutations.default.updateFriend 0 1`] = `undefined`;

exports[`mutations.default.updateFriend 1 1`] = `undefined`;

exports[`mutations.default.updateFriend 2 1`] = `undefined`;

exports[`mutations.default.updateFriend 3 1`] = `undefined`;

exports[`mutations.default.updateFriend 4 1`] = `undefined`;

exports[`mutations.default.updateFriend 5 1`] = `undefined`;

exports[`mutations.default.updateIncomingRequest 0 1`] = `undefined`;

exports[`mutations.default.updateIncomingRequest 1 1`] = `undefined`;

exports[`mutations.default.updateIncomingRequest 2 1`] = `undefined`;

exports[`mutations.default.updateIncomingRequest 3 1`] = `undefined`;

exports[`mutations.default.updateIncomingRequest 4 1`] = `undefined`;

exports[`mutations.default.updateIncomingRequest 5 1`] = `undefined`;

exports[`mutations.default.updateOutgoingRequest 0 1`] = `undefined`;

exports[`mutations.default.updateOutgoingRequest 1 1`] = `undefined`;

exports[`mutations.default.updateOutgoingRequest 2 1`] = `undefined`;

exports[`mutations.default.updateOutgoingRequest 3 1`] = `undefined`;

exports[`mutations.default.updateOutgoingRequest 4 1`] = `undefined`;

exports[`mutations.default.updateOutgoingRequest 5 1`] = `undefined`;
