// Jest Snapshot v1, https://goo.gl/fbAQLP

exports[`mutations.default.addDownload 0 1`] = `undefined`;

exports[`mutations.default.addDownload 1 1`] = `undefined`;

exports[`mutations.default.addDownload 2 1`] = `undefined`;

exports[`mutations.default.addDownload 3 1`] = `undefined`;

exports[`mutations.default.addDownload 4 1`] = `undefined`;

exports[`mutations.default.addDownload 5 1`] = `undefined`;

exports[`mutations.default.removeDownload 0 1`] = `undefined`;

exports[`mutations.default.removeDownload 1 1`] = `undefined`;

exports[`mutations.default.removeDownload 2 1`] = `undefined`;

exports[`mutations.default.removeDownload 3 1`] = `undefined`;

exports[`mutations.default.removeDownload 4 1`] = `undefined`;

exports[`mutations.default.removeDownload 5 1`] = `undefined`;

exports[`mutations.default.setSort 0 1`] = `undefined`;

exports[`mutations.default.setSort 1 1`] = `undefined`;

exports[`mutations.default.setSort 2 1`] = `undefined`;

exports[`mutations.default.setSort 3 1`] = `undefined`;

exports[`mutations.default.setSort 4 1`] = `undefined`;

exports[`mutations.default.setSort 5 1`] = `undefined`;

exports[`mutations.default.toggleLayout 0 1`] = `undefined`;

exports[`mutations.default.toggleLayout 1 1`] = `undefined`;
