// Jest Snapshot v1, https://goo.gl/fbAQLP

exports[`mutations.default.fetchFiles 0 1`] = `undefined`;

exports[`mutations.default.fetchFiles 1 1`] = `undefined`;

exports[`mutations.default.fetchFiles 2 1`] = `undefined`;

exports[`mutations.default.fetchFiles 3 1`] = `undefined`;

exports[`mutations.default.fetchFiles 4 1`] = `undefined`;

exports[`mutations.default.fetchFiles 5 1`] = `undefined`;
