// Jest Snapshot v1, https://goo.gl/fbAQLP

exports[`Test files/state should match the initial state snapshot 1`] = `[Function]`;

exports[`Test files/state the function should match the initial state snapshot 1`] = `
Object {
  "currentUpload": undefined,
  "downloadList": Array [],
  "gridLayout": true,
  "path": Array [],
  "preview": undefined,
  "rename": undefined,
  "search": Object {
    "searchAll": false,
    "value": "",
  },
  "sort": Object {
    "asc": true,
    "category": "modified",
  },
  "status": "",
}
`;
