// Jest Snapshot v1, https://goo.gl/fbAQLP

exports[`Manage sounds change volume level of sound 1`] = `undefined`;

exports[`Manage sounds sound exists 1`] = `undefined`;

exports[`Manage sounds sound is playing 1`] = `false`;

exports[`Manage sounds sound plays 1`] = `undefined`;

exports[`Manage sounds sound stops 1`] = `undefined`;

exports[`init should pass: 
    Object {
    "CALL": "call",
    "CONNECTED": "connected",
    "DEAFEN": "deafen",
    "HANGUP": "hangup",
    "MUTE": "mute",
    "NEW_MESSAGE": "newMessage",
    "UNDEAFEN": "undeafen",
    "UNMUTE": "unmute",
    "UPLOAD": "upload",
    }
         1`] = `
Object {
  "CALL": "call",
  "CONNECTED": "connected",
  "DEAFEN": "deafen",
  "HANGUP": "hangup",
  "MUTE": "mute",
  "NEW_MESSAGE": "newMessage",
  "UNDEAFEN": "undeafen",
  "UNMUTE": "unmute",
  "UPLOAD": "upload",
}
`;
