// Jest Snapshot v1, https://goo.gl/fbAQLP

exports[`BucketManager.default.progressParse 0 1`] = `Infinity`;

exports[`BucketManager.default.progressParse 1 1`] = `0.6666666666666667`;

exports[`BucketManager.default.progressParse 2 1`] = `0.16`;

exports[`BucketManager.default.progressParse 3 1`] = `Infinity`;

exports[`BucketManager.default.progressParse 4 1`] = `Infinity`;

exports[`BucketManager.default.progressParse 5 1`] = `NaN`;
