// Jest Snapshot v1, https://goo.gl/fbAQLP

exports[`init get all unseen notifications 1`] = `
Array [
  Object {
    "_id": "01g2ya7w44h4c5mm4bgyedkrvy",
    "_mod": 1652432302212590600,
    "at": 1652432301322,
    "content": Object {
      "description": "New DM",
      "title": "Notification",
    },
    "from": "Andre2",
    "id": "62fceb8d-60a5-4434-92e8-c07f52f9e8e6",
    "state": "UNREAD",
    "type": "Direct Message",
  },
  Object {
    "_id": "01g2y9d6499169rzs5etrff48w",
    "_mod": 1652431427721842400,
    "at": 1652431426842,
    "content": Object {
      "description": "New DM",
      "title": "Notification",
    },
    "from": "Andre2",
    "id": "69c1ad1d-37e9-4ff5-b929-de5509512a11",
    "state": "UNREAD",
    "type": "Direct Message",
  },
]
`;

exports[`init should return the showSidebar property of the initial state 1`] = `true`;

exports[`init should return the swiperSlideIndex property of the initial state 1`] = `0`;
