// Jest Snapshot v1, https://goo.gl/fbAQLP

exports[`init should return the showSidebar property of the initial state 1`] = `true`;

exports[`init should return the swiperSlideIndex property of the initial state 1`] = `0`;

exports[`init sort most recent glyphs 1`] = `
Array [
  Object {
    "count": 3,
    "pack": Object {
      "artist": "John Treanor",
      "description": "Short description can go here. Lorem ipsum.",
      "id": "0123",
      "name": "Count 3",
      "stickerURLs": Array [
        "https://satellite.mypinata.cloud/ipfs/QmRwZDz8qavwCcmq6DSDTDLrt1qzzw2nMcz1pcGuNxdhcW/$1/AHH.gif",
        "https://satellite.mypinata.cloud/ipfs/QmRwZDz8qavwCcmq6DSDTDLrt1qzzw2nMcz1pcGuNxdhcW/$1/AHHcloseup.gif",
        "https://satellite.mypinata.cloud/ipfs/QmRwZDz8qavwCcmq6DSDTDLrt1qzzw2nMcz1pcGuNxdhcW/$1/Coy_02.gif",
        "https://satellite.mypinata.cloud/ipfs/QmRwZDz8qavwCcmq6DSDTDLrt1qzzw2nMcz1pcGuNxdhcW/$1/Cry.gif",
        "https://satellite.mypinata.cloud/ipfs/QmRwZDz8qavwCcmq6DSDTDLrt1qzzw2nMcz1pcGuNxdhcW/$1/Cry2.gif",
        "https://satellite.mypinata.cloud/ipfs/QmRwZDz8qavwCcmq6DSDTDLrt1qzzw2nMcz1pcGuNxdhcW/$1/Laugh.png",
        "https://satellite.mypinata.cloud/ipfs/QmRwZDz8qavwCcmq6DSDTDLrt1qzzw2nMcz1pcGuNxdhcW/$1/Luv.gif",
        "https://satellite.mypinata.cloud/ipfs/QmRwZDz8qavwCcmq6DSDTDLrt1qzzw2nMcz1pcGuNxdhcW/$1/Luv_02.gif",
        "https://satellite.mypinata.cloud/ipfs/QmRwZDz8qavwCcmq6DSDTDLrt1qzzw2nMcz1pcGuNxdhcW/$1/Sad3.gif",
        "https://satellite.mypinata.cloud/ipfs/QmRwZDz8qavwCcmq6DSDTDLrt1qzzw2nMcz1pcGuNxdhcW/$1/ThumbsDownNew.48.gif",
        "https://satellite.mypinata.cloud/ipfs/QmRwZDz8qavwCcmq6DSDTDLrt1qzzw2nMcz1pcGuNxdhcW/$1/ThumbsUP.gif",
        "https://satellite.mypinata.cloud/ipfs/QmRwZDz8qavwCcmq6DSDTDLrt1qzzw2nMcz1pcGuNxdhcW/$1/ThumbsUPNew.gif",
      ],
    },
    "url": "https://satellite.mypinata.cloud/ipfs/QmRwZDz8qavwCcmq6DSDTDLrt1qzzw2nMcz1pcGuNxdhcW/$1/Coy_02.gif",
  },
  Object {
    "count": 2,
    "pack": Object {
      "artist": "John Treanor",
      "description": "Short description can go here. Lorem ipsum.",
      "id": "0123",
      "name": "Count 2",
      "stickerURLs": Array [
        "https://satellite.mypinata.cloud/ipfs/QmRwZDz8qavwCcmq6DSDTDLrt1qzzw2nMcz1pcGuNxdhcW/$1/AHH.gif",
        "https://satellite.mypinata.cloud/ipfs/QmRwZDz8qavwCcmq6DSDTDLrt1qzzw2nMcz1pcGuNxdhcW/$1/AHHcloseup.gif",
        "https://satellite.mypinata.cloud/ipfs/QmRwZDz8qavwCcmq6DSDTDLrt1qzzw2nMcz1pcGuNxdhcW/$1/Coy_02.gif",
        "https://satellite.mypinata.cloud/ipfs/QmRwZDz8qavwCcmq6DSDTDLrt1qzzw2nMcz1pcGuNxdhcW/$1/Cry.gif",
        "https://satellite.mypinata.cloud/ipfs/QmRwZDz8qavwCcmq6DSDTDLrt1qzzw2nMcz1pcGuNxdhcW/$1/Cry2.gif",
        "https://satellite.mypinata.cloud/ipfs/QmRwZDz8qavwCcmq6DSDTDLrt1qzzw2nMcz1pcGuNxdhcW/$1/Laugh.png",
        "https://satellite.mypinata.cloud/ipfs/QmRwZDz8qavwCcmq6DSDTDLrt1qzzw2nMcz1pcGuNxdhcW/$1/Luv.gif",
        "https://satellite.mypinata.cloud/ipfs/QmRwZDz8qavwCcmq6DSDTDLrt1qzzw2nMcz1pcGuNxdhcW/$1/Luv_02.gif",
        "https://satellite.mypinata.cloud/ipfs/QmRwZDz8qavwCcmq6DSDTDLrt1qzzw2nMcz1pcGuNxdhcW/$1/Sad3.gif",
        "https://satellite.mypinata.cloud/ipfs/QmRwZDz8qavwCcmq6DSDTDLrt1qzzw2nMcz1pcGuNxdhcW/$1/ThumbsDownNew.48.gif",
        "https://satellite.mypinata.cloud/ipfs/QmRwZDz8qavwCcmq6DSDTDLrt1qzzw2nMcz1pcGuNxdhcW/$1/ThumbsUP.gif",
        "https://satellite.mypinata.cloud/ipfs/QmRwZDz8qavwCcmq6DSDTDLrt1qzzw2nMcz1pcGuNxdhcW/$1/ThumbsUPNew.gif",
      ],
    },
    "url": "https://satellite.mypinata.cloud/ipfs/QmRwZDz8qavwCcmq6DSDTDLrt1qzzw2nMcz1pcGuNxdhcW/$1/ThumbsUP.gif",
  },
  Object {
    "count": 1,
    "pack": Object {
      "artist": "Dina Brodsky",
      "description": "Short description can go here. Lorem ipsum.",
      "id": "0903",
      "name": "Count 1",
      "stickerURLs": Array [
        "https://satellite.mypinata.cloud/ipfs/QmNXed4zJNBn8Ja9aXpVQ66DZ9bVGYcwpd8TbPnfif6cKD/$1/hawk.png",
        "https://satellite.mypinata.cloud/ipfs/QmNXed4zJNBn8Ja9aXpVQ66DZ9bVGYcwpd8TbPnfif6cKD/$1/ducklings.png",
        "https://satellite.mypinata.cloud/ipfs/QmNXed4zJNBn8Ja9aXpVQ66DZ9bVGYcwpd8TbPnfif6cKD/$1/owl.png",
        "https://satellite.mypinata.cloud/ipfs/QmNXed4zJNBn8Ja9aXpVQ66DZ9bVGYcwpd8TbPnfif6cKD/$1/penguins.png",
        "https://satellite.mypinata.cloud/ipfs/QmNXed4zJNBn8Ja9aXpVQ66DZ9bVGYcwpd8TbPnfif6cKD/$1/robin.png",
        "https://satellite.mypinata.cloud/ipfs/QmNXed4zJNBn8Ja9aXpVQ66DZ9bVGYcwpd8TbPnfif6cKD/$1/stork.png",
        "https://satellite.mypinata.cloud/ipfs/QmNXed4zJNBn8Ja9aXpVQ66DZ9bVGYcwpd8TbPnfif6cKD/$1/yellow_bird.png",
      ],
    },
    "url": "https://satellite.mypinata.cloud/ipfs/QmNXed4zJNBn8Ja9aXpVQ66DZ9bVGYcwpd8TbPnfif6cKD/$1/ducklings.png",
  },
]
`;

exports[`init sort most used emojis 1`] = `
Array [
  Object {
    "code": "flag_id",
    "content": "🇮🇩",
    "count": 3,
  },
  Object {
    "code": "pray",
    "content": "🙏 ",
    "count": 2,
  },
  Object {
    "code": "thumbup",
    "content": "👍",
    "count": 1,
  },
]
`;
