// Jest Snapshot v1, https://goo.gl/fbAQLP

exports[`mutations sendMessage with the same lastMessageSender 1`] = `
Object {
  "at": 1645617999076,
  "from": "0xc61b9bb3a7a0767e3179713f3a5c7a9aedce193c",
  "id": 1645617999076,
  "messages": Array [
    Object {
      "at": 1645617999076,
      "id": 1645617999076,
      "payload": "message",
      "reactions": Array [],
      "replies": Array [],
      "type": "text",
    },
    Object {
      "at": 1645617999076,
      "id": 1645617999076,
      "payload": "elio@example.com",
      "reactions": Array [],
      "replies": Array [],
      "type": "text",
    },
  ],
  "to": "0x07ee55aa48bb72dcc6e9d78256648910de513eca",
  "type": "group",
}
`;

exports[`mutations updateMostUsedGlyph with existing emoji 1`] = `
Array [
  Object {
    "count": 1,
    "pack": Object {
      "artist": "Dina Brodsky",
      "description": "Short description can go here. Lorem ipsum.",
      "id": "0903",
      "name": "Birds",
      "stickerURLs": Array [
        "https://satellite.mypinata.cloud/ipfs/QmXrmiCxkyfpsAY18qzVBPv9TpCbTUToowQEsYy1Pm5C9b/$1/hawk.webp",
        "https://satellite.mypinata.cloud/ipfs/QmXrmiCxkyfpsAY18qzVBPv9TpCbTUToowQEsYy1Pm5C9b/$1/ducklings.webp",
        "https://satellite.mypinata.cloud/ipfs/QmXrmiCxkyfpsAY18qzVBPv9TpCbTUToowQEsYy1Pm5C9b/$1/owl.webp",
        "https://satellite.mypinata.cloud/ipfs/QmXrmiCxkyfpsAY18qzVBPv9TpCbTUToowQEsYy1Pm5C9b/$1/penguins.webp",
        "https://satellite.mypinata.cloud/ipfs/QmXrmiCxkyfpsAY18qzVBPv9TpCbTUToowQEsYy1Pm5C9b/$1/robin.webp",
        "https://satellite.mypinata.cloud/ipfs/QmXrmiCxkyfpsAY18qzVBPv9TpCbTUToowQEsYy1Pm5C9b/$1/stork.webp",
        "https://satellite.mypinata.cloud/ipfs/QmXrmiCxkyfpsAY18qzVBPv9TpCbTUToowQEsYy1Pm5C9b/$1/yellow_bird.webp",
      ],
    },
    "url": "https://satellite.mypinata.cloud/ipfs/QmXrmiCxkyfpsAY18qzVBPv9TpCbTUToowQEsYy1Pm5C9b/$1/ducklings.webp",
  },
  Object {
    "count": 1,
    "pack": Object {
      "artist": "John Treanor",
      "description": "Short description can go here. Lorem ipsum.",
      "id": "0123",
      "name": "Astrobunny",
      "stickerURLs": Array [
        "https://satellite.mypinata.cloud/ipfs/QmaBFFeJksvrfEhwbKYkzbgm7bKFWzHhRECqGxgB52LeHg/$1/AHH.gif",
        "https://satellite.mypinata.cloud/ipfs/QmaBFFeJksvrfEhwbKYkzbgm7bKFWzHhRECqGxgB52LeHg/$1/AHHcloseup.gif",
        "https://satellite.mypinata.cloud/ipfs/QmaBFFeJksvrfEhwbKYkzbgm7bKFWzHhRECqGxgB52LeHg/$1/Coy_02.gif",
        "https://satellite.mypinata.cloud/ipfs/QmaBFFeJksvrfEhwbKYkzbgm7bKFWzHhRECqGxgB52LeHg/$1/Cry.gif",
        "https://satellite.mypinata.cloud/ipfs/QmaBFFeJksvrfEhwbKYkzbgm7bKFWzHhRECqGxgB52LeHg/$1/Cry2.gif",
        "https://satellite.mypinata.cloud/ipfs/QmaBFFeJksvrfEhwbKYkzbgm7bKFWzHhRECqGxgB52LeHg/$1/Laugh.webp",
        "https://satellite.mypinata.cloud/ipfs/QmaBFFeJksvrfEhwbKYkzbgm7bKFWzHhRECqGxgB52LeHg/$1/Luv.gif",
        "https://satellite.mypinata.cloud/ipfs/QmaBFFeJksvrfEhwbKYkzbgm7bKFWzHhRECqGxgB52LeHg/$1/Luv_02.gif",
        "https://satellite.mypinata.cloud/ipfs/QmaBFFeJksvrfEhwbKYkzbgm7bKFWzHhRECqGxgB52LeHg/$1/Sad3.gif",
        "https://satellite.mypinata.cloud/ipfs/QmaBFFeJksvrfEhwbKYkzbgm7bKFWzHhRECqGxgB52LeHg/$1/ThumbsDownNew.gif",
        "https://satellite.mypinata.cloud/ipfs/QmaBFFeJksvrfEhwbKYkzbgm7bKFWzHhRECqGxgB52LeHg/$1/ThumbsUP.gif",
        "https://satellite.mypinata.cloud/ipfs/QmaBFFeJksvrfEhwbKYkzbgm7bKFWzHhRECqGxgB52LeHg/$1/ThumbsUPNew.gif",
      ],
    },
    "url": "https://satellite.mypinata.cloud/ipfs/QmaBFFeJksvrfEhwbKYkzbgm7bKFWzHhRECqGxgB52LeHg/$1/Coy_02.gif",
  },
  Object {
    "count": 1,
    "pack": Object {
      "artist": "John Treanor",
      "description": "Short description can go here. Lorem ipsum.",
      "id": "0123",
      "name": "Astrobunny",
      "stickerURLs": Array [
        "https://satellite.mypinata.cloud/ipfs/QmaBFFeJksvrfEhwbKYkzbgm7bKFWzHhRECqGxgB52LeHg/$1/AHH.gif",
        "https://satellite.mypinata.cloud/ipfs/QmaBFFeJksvrfEhwbKYkzbgm7bKFWzHhRECqGxgB52LeHg/$1/AHHcloseup.gif",
        "https://satellite.mypinata.cloud/ipfs/QmaBFFeJksvrfEhwbKYkzbgm7bKFWzHhRECqGxgB52LeHg/$1/Coy_02.gif",
        "https://satellite.mypinata.cloud/ipfs/QmaBFFeJksvrfEhwbKYkzbgm7bKFWzHhRECqGxgB52LeHg/$1/Cry.gif",
        "https://satellite.mypinata.cloud/ipfs/QmaBFFeJksvrfEhwbKYkzbgm7bKFWzHhRECqGxgB52LeHg/$1/Cry2.gif",
        "https://satellite.mypinata.cloud/ipfs/QmaBFFeJksvrfEhwbKYkzbgm7bKFWzHhRECqGxgB52LeHg/$1/Laugh.webp",
        "https://satellite.mypinata.cloud/ipfs/QmaBFFeJksvrfEhwbKYkzbgm7bKFWzHhRECqGxgB52LeHg/$1/Luv.gif",
        "https://satellite.mypinata.cloud/ipfs/QmaBFFeJksvrfEhwbKYkzbgm7bKFWzHhRECqGxgB52LeHg/$1/Luv_02.gif",
        "https://satellite.mypinata.cloud/ipfs/QmaBFFeJksvrfEhwbKYkzbgm7bKFWzHhRECqGxgB52LeHg/$1/Sad3.gif",
        "https://satellite.mypinata.cloud/ipfs/QmaBFFeJksvrfEhwbKYkzbgm7bKFWzHhRECqGxgB52LeHg/$1/ThumbsDownNew.gif",
        "https://satellite.mypinata.cloud/ipfs/QmaBFFeJksvrfEhwbKYkzbgm7bKFWzHhRECqGxgB52LeHg/$1/ThumbsUP.gif",
        "https://satellite.mypinata.cloud/ipfs/QmaBFFeJksvrfEhwbKYkzbgm7bKFWzHhRECqGxgB52LeHg/$1/ThumbsUPNew.gif",
      ],
    },
    "url": "https://satellite.mypinata.cloud/ipfs/QmaBFFeJksvrfEhwbKYkzbgm7bKFWzHhRECqGxgB52LeHg/$1/ThumbsUP.gif",
  },
  Object {
    "count": 1,
    "pack": Object {
      "artist": "Dina Brodsky",
      "description": "Short description can go here. Lorem ipsum.",
      "id": "0903",
      "name": "Birds",
      "stickerURLs": Array [
        "https://satellite.mypinata.cloud/ipfs/QmS1NEujgAT8iogdK3jsQzDf751U6LCSpCNojg1JJhs3zz/$1/hawk.webp",
        "https://satellite.mypinata.cloud/ipfs/QmS1NEujgAT8iogdK3jsQzDf751U6LCSpCNojg1JJhs3zz/$1/ducklings.webp",
        "https://satellite.mypinata.cloud/ipfs/QmS1NEujgAT8iogdK3jsQzDf751U6LCSpCNojg1JJhs3zz/$1/owl.webp",
        "https://satellite.mypinata.cloud/ipfs/QmS1NEujgAT8iogdK3jsQzDf751U6LCSpCNojg1JJhs3zz/$1/penguins.webp",
        "https://satellite.mypinata.cloud/ipfs/QmS1NEujgAT8iogdK3jsQzDf751U6LCSpCNojg1JJhs3zz/$1/robin.webp",
        "https://satellite.mypinata.cloud/ipfs/QmS1NEujgAT8iogdK3jsQzDf751U6LCSpCNojg1JJhs3zz/$1/stork.webp",
        "https://satellite.mypinata.cloud/ipfs/QmS1NEujgAT8iogdK3jsQzDf751U6LCSpCNojg1JJhs3zz/$1/yellow_bird.webp",
      ],
    },
    "url": "https://satellite.mypinata.cloud/ipfs/QmS1NEujgAT8iogdK3jsQzDf751U6LCSpCNojg1JJhs3zz/$1/ducklings.webp",
  },
]
`;

exports[`mutations.default.addReaction 0 1`] = `undefined`;

exports[`mutations.default.addReaction 1 1`] = `undefined`;

exports[`mutations.default.addReaction 2 1`] = `undefined`;

exports[`mutations.default.addReaction 3 1`] = `undefined`;

exports[`mutations.default.addReaction 4 1`] = `undefined`;

exports[`mutations.default.addReaction 5 1`] = `undefined`;

exports[`mutations.default.sendMessage 0 1`] = `undefined`;

exports[`mutations.default.sendMessage 1 1`] = `undefined`;

exports[`mutations.default.sendMessage 2 1`] = `undefined`;

exports[`mutations.default.sendMessage 3 1`] = `undefined`;

exports[`mutations.default.sendMessage 4 1`] = `undefined`;

exports[`mutations.default.sendMessage 5 1`] = `undefined`;
