// Jest Snapshot v1, https://goo.gl/fbAQLP

exports[`mutations.default.addReaction 0 1`] = `undefined`;

exports[`mutations.default.addReaction 1 1`] = `undefined`;

exports[`mutations.default.addReaction 2 1`] = `undefined`;

exports[`mutations.default.addReaction 3 1`] = `undefined`;

exports[`mutations.default.addReaction 4 1`] = `undefined`;

exports[`mutations.default.addReaction 5 1`] = `undefined`;

exports[`mutations.default.sendMessage 0 1`] = `undefined`;

exports[`mutations.default.sendMessage 1 1`] = `undefined`;

exports[`mutations.default.sendMessage 2 1`] = `undefined`;

exports[`mutations.default.sendMessage 3 1`] = `undefined`;

exports[`mutations.default.sendMessage 4 1`] = `undefined`;

exports[`mutations.default.sendMessage 5 1`] = `undefined`;
