// Jest Snapshot v1, https://goo.gl/fbAQLP

exports[`state.default 0 1`] = `
Object {
  "callHeight": "auto",
  "chatImageOverlay": undefined,
  "chatbarContent": "",
  "chatbarFocus": false,
  "contextMenuPosition": Object {
    "x": 0,
    "y": 0,
  },
  "contextMenuStatus": false,
  "contextMenuValues": Array [],
  "editMessage": Object {
    "from": "",
    "id": "",
    "payload": "",
  },
  "glyphMarketplaceView": Object {
    "shopId": null,
    "view": "home",
  },
  "glyphModalPackId": undefined,
  "hoveredGlyphInfo": undefined,
  "isMobileNavVisible": true,
  "modals": Object {
    "callToAction": false,
    "changelog": false,
    "consentScanConfirmation": false,
    "errorNetwork": Object {
      "action": null,
      "isOpen": false,
    },
    "glyph": false,
    "marketplace": false,
    "renameFile": false,
    "wallet": false,
  },
  "mostEmojiUsed": Array [],
  "settingsRoute": "",
  "showSidebar": true,
}
`;
