// Jest Snapshot v1, https://goo.gl/fbAQLP

exports[`check flair constants should return the flair constants 1`] = `
Array [
  Object {
    "text": "Satellite",
    "value": Array [
      "#2761fd",
      "#286CFE",
      "39, 97, 253",
    ],
  },
  Object {
    "text": "Peach",
    "value": Array [
      "#ED4C67",
      "#ED5672",
      "237, 76, 103",
    ],
  },
  Object {
    "text": "Pink",
    "value": Array [
      "#FDA7DF",
      "#FDB1E9",
      "253, 167, 223",
    ],
  },
  Object {
    "text": "Lime",
    "value": Array [
      "#A3CB38",
      "#AED542",
      "163, 203, 56",
    ],
  },
  Object {
    "text": "Purple",
    "value": Array [
      "#6F1E51",
      "#80215D",
      "111, 30, 81",
    ],
  },
  Object {
    "text": "Lavender",
    "value": Array [
      "#9980FA",
      "#A891FF",
      "153, 128, 250",
    ],
  },
  Object {
    "text": "Sunflower",
    "value": Array [
      "#FFC312",
      "#FACA3E",
      "255, 195, 18",
    ],
  },
  Object {
    "text": "Deep",
    "value": Array [
      "#30336b",
      "#2D328A",
      "48, 51, 107",
    ],
  },
  Object {
    "text": "Void",
    "value": Array [
      "#2C3A47",
      "#36434F",
      "44, 58, 71",
    ],
  },
]
`;

exports[`check theme constants should return the theme constants 1`] = `
Array [
  Object {
    "class": "",
    "label": "Default",
    "value": "default",
  },
  Object {
    "class": "moonless_night",
    "label": "Moonless Night",
    "value": "moonless_night",
  },
]
`;
