// Jest Snapshot v1, https://goo.gl/fbAQLP

exports[`check flair constants should return the flair constants 1`] = `
Array [
  Object {
    "text": "Satellite",
    "value": Array [
      "#2761fd",
      "#286CFE",
    ],
  },
  Object {
    "text": "Peach",
    "value": Array [
      "#ED4C67",
      "#ED5672",
    ],
  },
  Object {
    "text": "Pink",
    "value": Array [
      "#FDA7DF",
      "#FDB1E9",
    ],
  },
  Object {
    "text": "Lime",
    "value": Array [
      "#A3CB38",
      "#AED542",
    ],
  },
  Object {
    "text": "Purple",
    "value": Array [
      "#6F1E51",
      "#80215D",
    ],
  },
  Object {
    "text": "Lavender",
    "value": Array [
      "#9980FA",
      "#A891FF",
    ],
  },
  Object {
    "text": "Sunflower",
    "value": Array [
      "#FFC312",
      "#FACA3E",
    ],
  },
  Object {
    "text": "Deep",
    "value": Array [
      "#30336b",
      "#2D328A",
    ],
  },
  Object {
    "text": "Void",
    "value": Array [
      "#2C3A47",
      "#36434F",
    ],
  },
]
`;

exports[`check theme constants should return the theme constants 1`] = `
Array [
  Object {
    "class": "",
    "name": "default",
    "text": "Default",
    "value": "default",
  },
  Object {
    "class": "moonless_night",
    "name": "moonless_night",
    "text": "Moonless Night",
    "value": "moonless_night",
  },
]
`;
