// Jest Snapshot v1, https://goo.gl/fbAQLP

exports[`index.Touch.created 0 1`] = `undefined`;

exports[`index.Touch.created 0 2`] = `undefined`;

exports[`index.Touch.methods.sidebarSwipeHandler 0 1`] = `[Function]`;

exports[`index.Touch.methods.sidebarSwipeHandler 0 2`] = `[Function]`;

exports[`index.Touch.methods.sidebarSwipeHandler 1 1`] = `[Function]`;

exports[`index.Touch.methods.sidebarSwipeHandler 1 2`] = `[Function]`;

exports[`index.Touch.methods.sidebarSwipeHandler 2 1`] = `[Function]`;

exports[`index.Touch.methods.sidebarSwipeHandler 2 2`] = `[Function]`;

exports[`index.Touch.methods.sidebarSwipeHandler 3 1`] = `[Function]`;

exports[`index.Touch.methods.sidebarSwipeHandler 3 2`] = `[Function]`;

exports[`index.Touch.methods.sidebarSwipeHandler 4 1`] = `[Function]`;

exports[`index.Touch.methods.sidebarSwipeHandler 4 2`] = `[Function]`;

exports[`index.Touch.methods.sidebarSwipeHandler 5 1`] = `[Function]`;

exports[`index.Touch.methods.sidebarSwipeHandler 5 2`] = `[Function]`;
