// Jest Snapshot v1, https://goo.gl/fbAQLP

exports[`ConsoleWarning.ConsoleWarning 0 1`] = `undefined`;

exports[`ConsoleWarning.ConsoleWarning 1 1`] = `undefined`;

exports[`ConsoleWarning.ConsoleWarning 2 1`] = `undefined`;

exports[`ConsoleWarning.ConsoleWarning 3 1`] = `undefined`;

exports[`ConsoleWarning.ConsoleWarning 4 1`] = `undefined`;

exports[`ConsoleWarning.ConsoleWarning 5 1`] = `undefined`;
