// Jest Snapshot v1, https://goo.gl/fbAQLP

exports[`Messaging.refreshTimestampInterval 0 1`] = `3`;

exports[`Messaging.refreshTimestampInterval 1 1`] = `6`;

exports[`Messaging.refreshTimestampInterval 2 1`] = `9`;

exports[`Messaging.refreshTimestampInterval 3 1`] = `12`;

exports[`Messaging.refreshTimestampInterval 4 1`] = `15`;

exports[`Messaging.refreshTimestampInterval 5 1`] = `18`;
