// Jest Snapshot v1, https://goo.gl/fbAQLP

exports[`mutations.default.setChatReply 0 1`] = `undefined`;

exports[`mutations.default.setChatReply 1 1`] = `undefined`;

exports[`mutations.default.setChatReply 2 1`] = `undefined`;

exports[`mutations.default.setChatReply 3 1`] = `undefined`;

exports[`mutations.default.setChatReply 4 1`] = `undefined`;

exports[`mutations.default.setChatReply 5 1`] = `undefined`;

exports[`mutations.default.setChatText 0 1`] = `undefined`;

exports[`mutations.default.setChatText 1 1`] = `undefined`;

exports[`mutations.default.setChatText 2 1`] = `undefined`;

exports[`mutations.default.setChatText 3 1`] = `undefined`;

exports[`mutations.default.setChatText 4 1`] = `undefined`;

exports[`mutations.default.setChatText 5 1`] = `undefined`;
