// Jest Snapshot v1, https://goo.gl/fbAQLP

exports[`utils.stringToTypedBase64 0 1`] = `"c29tZXRoaW5nLmV4YW1wbGUuY29t"`;

exports[`utils.stringToTypedBase64 1 1`] = `"Z29vZ2xlLmNvbQ=="`;

exports[`utils.stringToTypedBase64 2 1`] = `"ZW1haWxAR29vZ2xlLmNvbQ=="`;

exports[`utils.stringToTypedBase64 3 1`] = `"dXNlckBob3N0OjMwMA=="`;

exports[`utils.stringToTypedBase64 4 1`] = `"VGVzdFVwcGVyQ2FzZUBFeGFtcGxlLmNvbQ=="`;

exports[`utils.stringToTypedBase64 5 1`] = `""`;
