// Jest Snapshot v1, https://goo.gl/fbAQLP

exports[`mutations.default.resetState 0 1`] = `undefined`;

exports[`mutations.default.resetState 1 1`] = `undefined`;

exports[`mutations.default.resetState 2 1`] = `undefined`;

exports[`mutations.default.resetState 3 1`] = `undefined`;

exports[`mutations.default.resetState 4 1`] = `undefined`;

exports[`mutations.default.setAccountsReady 0 1`] = `undefined`;

exports[`mutations.default.setAccountsReady 1 1`] = `undefined`;

exports[`mutations.default.setAccountsReady 2 1`] = `undefined`;

exports[`mutations.default.setAccountsReady 3 1`] = `undefined`;

exports[`mutations.default.setAccountsReady 4 1`] = `undefined`;

exports[`mutations.default.setP2PReady 0 1`] = `undefined`;

exports[`mutations.default.setP2PReady 1 1`] = `undefined`;

exports[`mutations.default.setP2PReady 2 1`] = `undefined`;

exports[`mutations.default.setP2PReady 3 1`] = `undefined`;

exports[`mutations.default.setP2PReady 4 1`] = `undefined`;

exports[`mutations.default.setTextileReady 0 1`] = `undefined`;

exports[`mutations.default.setTextileReady 1 1`] = `undefined`;

exports[`mutations.default.setTextileReady 2 1`] = `undefined`;

exports[`mutations.default.setTextileReady 3 1`] = `undefined`;

exports[`mutations.default.setTextileReady 4 1`] = `undefined`;
