// Jest Snapshot v1, https://goo.gl/fbAQLP

exports[`getters.default.getFiles 0 1`] = `[Function]`;

exports[`getters.default.getFiles 1 1`] = `[Function]`;

exports[`getters.default.getFiles 2 1`] = `[Function]`;

exports[`getters.default.getFiles 3 1`] = `[Function]`;

exports[`getters.default.getFiles 4 1`] = `[Function]`;

exports[`getters.default.getFiles 5 1`] = `[Function]`;
