// Jest Snapshot v1, https://goo.gl/fbAQLP

exports[`state.default 0 1`] = `
Object {
  "alertNsfw": false,
  "chatTexts": Array [],
  "containsNsfw": false,
  "countError": false,
  "currentChat": Object {
    "direction": "top",
    "hasNextPage": true,
    "isFirstVisit": true,
    "isMessagesLoading": false,
    "isScrollOver": true,
    "lastLoadedMessageId": "",
    "messages": Array [],
    "offset": 0,
    "page": 1,
    "size": 30,
  },
  "files": Object {},
  "replies": Array [],
}
`;
