// Jest Snapshot v1, https://goo.gl/fbAQLP

exports[`state.default 0 1`] = `
Object {
  "chatTexts": Array [],
  "countError": false,
  "currentChat": Object {
    "direction": "TOP",
    "hasNextPage": true,
    "isMessagesLoading": false,
    "isScrollOver": true,
    "lastLoadedMessageId": "",
    "messages": Array [],
    "offset": 0,
    "page": 1,
    "showOlderMessagesInfo": false,
    "size": 10,
  },
  "draftMessages": Object {},
  "files": Object {},
  "replies": Array [],
  "replyChatbarMessages": Object {},
}
`;
