// Jest Snapshot v1, https://goo.gl/fbAQLP

exports[`init should return the initial settings state 1`] = `
Object {
  "activeCall": "",
  "activeStream": Object {
    "createdAt": 0,
  },
  "connectedPeers": Array [],
  "incomingCall": "",
  "initialized": false,
  "localTracks": Object {
    "audio": Object {
      "muted": false,
    },
    "video": Object {
      "muted": false,
    },
  },
  "remoteTracks": Object {
    "audio": Object {
      "muted": false,
    },
    "video": Object {
      "muted": false,
    },
  },
  "streaming": true,
}
`;
