// Jest Snapshot v1, https://goo.gl/fbAQLP

exports[`init gets the constant 1`] = `
Object {
  "astrobunny": Object {
    "artist": "John Treanor",
    "description": "Short description can go here. Lorem ipsum.",
    "id": "0123",
    "name": "Astrobunny",
    "stickerURLs": Array [
      "https://satellite.mypinata.cloud/ipfs/QmaBFFeJksvrfEhwbKYkzbgm7bKFWzHhRECqGxgB52LeHg/AHH.gif",
      "https://satellite.mypinata.cloud/ipfs/QmaBFFeJksvrfEhwbKYkzbgm7bKFWzHhRECqGxgB52LeHg/AHHcloseup.gif",
      "https://satellite.mypinata.cloud/ipfs/QmaBFFeJksvrfEhwbKYkzbgm7bKFWzHhRECqGxgB52LeHg/Coy_02.gif",
      "https://satellite.mypinata.cloud/ipfs/QmaBFFeJksvrfEhwbKYkzbgm7bKFWzHhRECqGxgB52LeHg/Cry.gif",
      "https://satellite.mypinata.cloud/ipfs/QmaBFFeJksvrfEhwbKYkzbgm7bKFWzHhRECqGxgB52LeHg/Cry2.gif",
      "https://satellite.mypinata.cloud/ipfs/QmaBFFeJksvrfEhwbKYkzbgm7bKFWzHhRECqGxgB52LeHg/Laugh.png",
      "https://satellite.mypinata.cloud/ipfs/QmaBFFeJksvrfEhwbKYkzbgm7bKFWzHhRECqGxgB52LeHg/Luv.gif",
      "https://satellite.mypinata.cloud/ipfs/QmaBFFeJksvrfEhwbKYkzbgm7bKFWzHhRECqGxgB52LeHg/Luv_02.gif",
      "https://satellite.mypinata.cloud/ipfs/QmaBFFeJksvrfEhwbKYkzbgm7bKFWzHhRECqGxgB52LeHg/Sad3.gif",
      "https://satellite.mypinata.cloud/ipfs/QmaBFFeJksvrfEhwbKYkzbgm7bKFWzHhRECqGxgB52LeHg/ThumbsDownNew.48.gif",
      "https://satellite.mypinata.cloud/ipfs/QmaBFFeJksvrfEhwbKYkzbgm7bKFWzHhRECqGxgB52LeHg/ThumbsUP.gif",
      "https://satellite.mypinata.cloud/ipfs/QmaBFFeJksvrfEhwbKYkzbgm7bKFWzHhRECqGxgB52LeHg/ThumbsUPNew.gif",
    ],
  },
  "birds": Object {
    "artist": "Dina Brodsky",
    "description": "Short description can go here. Lorem ipsum.",
    "id": "0903",
    "name": "Birds",
    "stickerURLs": Array [
      "https://satellite.mypinata.cloud/ipfs/QmXrmiCxkyfpsAY18qzVBPv9TpCbTUToowQEsYy1Pm5C9b/hawk.png",
      "https://satellite.mypinata.cloud/ipfs/QmXrmiCxkyfpsAY18qzVBPv9TpCbTUToowQEsYy1Pm5C9b/ducklings.png",
      "https://satellite.mypinata.cloud/ipfs/QmXrmiCxkyfpsAY18qzVBPv9TpCbTUToowQEsYy1Pm5C9b/owl.png",
      "https://satellite.mypinata.cloud/ipfs/QmXrmiCxkyfpsAY18qzVBPv9TpCbTUToowQEsYy1Pm5C9b/penguins.png",
      "https://satellite.mypinata.cloud/ipfs/QmXrmiCxkyfpsAY18qzVBPv9TpCbTUToowQEsYy1Pm5C9b/robin.png",
      "https://satellite.mypinata.cloud/ipfs/QmXrmiCxkyfpsAY18qzVBPv9TpCbTUToowQEsYy1Pm5C9b/stork.png",
      "https://satellite.mypinata.cloud/ipfs/QmXrmiCxkyfpsAY18qzVBPv9TpCbTUToowQEsYy1Pm5C9b/yellow_bird.png",
    ],
  },
  "blackcat": Object {
    "artist": "Dan Tavis",
    "description": "Short description can go here. Lorem ipsum.",
    "id": "k321r",
    "name": "Black Cat",
    "stickerURLs": Array [
      "https://satellite.mypinata.cloud/ipfs/QmZ1SXaQNsEn4bsCdh2hLmYfUe5uDeYP2RqiwhZMvALqNE/Black-Cat-Attention-2.png",
      "https://satellite.mypinata.cloud/ipfs/QmZ1SXaQNsEn4bsCdh2hLmYfUe5uDeYP2RqiwhZMvALqNE/Cat-+-Flowers.png",
      "https://satellite.mypinata.cloud/ipfs/QmZ1SXaQNsEn4bsCdh2hLmYfUe5uDeYP2RqiwhZMvALqNE/Cat-Vs-Yarn-%28cover%29.png",
      "https://satellite.mypinata.cloud/ipfs/QmZ1SXaQNsEn4bsCdh2hLmYfUe5uDeYP2RqiwhZMvALqNE/Fluff.png",
      "https://satellite.mypinata.cloud/ipfs/QmZ1SXaQNsEn4bsCdh2hLmYfUe5uDeYP2RqiwhZMvALqNE/Sleep-Day%20%284%29.png",
      "https://satellite.mypinata.cloud/ipfs/QmZ1SXaQNsEn4bsCdh2hLmYfUe5uDeYP2RqiwhZMvALqNE/Thumbs-Up-Cat.png",
    ],
  },
  "food": Object {
    "artist": "Lya",
    "description": "Short description can go here. Lorem ipsum.",
    "id": "jdsoer",
    "name": "Food",
    "stickerURLs": Array [
      "https://satellite.mypinata.cloud/ipfs/QmRowCbn4PrZFhHArXJeRSBqEoqtFm6koEjEkKWEzWn8Tz/Beer.gif",
      "https://satellite.mypinata.cloud/ipfs/QmRowCbn4PrZFhHArXJeRSBqEoqtFm6koEjEkKWEzWn8Tz/Toast.gif",
      "https://satellite.mypinata.cloud/ipfs/QmRowCbn4PrZFhHArXJeRSBqEoqtFm6koEjEkKWEzWn8Tz/chocolate_angry.gif",
      "https://satellite.mypinata.cloud/ipfs/QmRowCbn4PrZFhHArXJeRSBqEoqtFm6koEjEkKWEzWn8Tz/chocolate_cute.gif",
      "https://satellite.mypinata.cloud/ipfs/QmRowCbn4PrZFhHArXJeRSBqEoqtFm6koEjEkKWEzWn8Tz/coconut_cute.gif",
      "https://satellite.mypinata.cloud/ipfs/QmRowCbn4PrZFhHArXJeRSBqEoqtFm6koEjEkKWEzWn8Tz/coconut_rude.gif",
      "https://satellite.mypinata.cloud/ipfs/QmRowCbn4PrZFhHArXJeRSBqEoqtFm6koEjEkKWEzWn8Tz/coffee_cute.gif",
      "https://satellite.mypinata.cloud/ipfs/QmRowCbn4PrZFhHArXJeRSBqEoqtFm6koEjEkKWEzWn8Tz/coffee_rude.gif",
      "https://satellite.mypinata.cloud/ipfs/QmRowCbn4PrZFhHArXJeRSBqEoqtFm6koEjEkKWEzWn8Tz/croissant2.gif",
      "https://satellite.mypinata.cloud/ipfs/QmRowCbn4PrZFhHArXJeRSBqEoqtFm6koEjEkKWEzWn8Tz/croissant1.gif",
      "https://satellite.mypinata.cloud/ipfs/QmRowCbn4PrZFhHArXJeRSBqEoqtFm6koEjEkKWEzWn8Tz/fries.gif",
      "https://satellite.mypinata.cloud/ipfs/QmRowCbn4PrZFhHArXJeRSBqEoqtFm6koEjEkKWEzWn8Tz/onigiri.gif",
    ],
  },
  "genshin": Object {
    "artist": "John Treanor",
    "description": "Short description can go here. Lorem ipsum.",
    "id": "001",
    "name": "Genshin Impact 1",
    "stickerURLs": Array [
      "https://satellite.mypinata.cloud/ipfs/QmS8UaEimprq4P37ehjDDj7wJ8if3SpjUHfXbXwBfBw5fi/JohnTreanor_GenshinImpactFood_01.png",
      "https://satellite.mypinata.cloud/ipfs/QmS8UaEimprq4P37ehjDDj7wJ8if3SpjUHfXbXwBfBw5fi/JohnTreanor_GenshinImpactFood_02.png",
      "https://satellite.mypinata.cloud/ipfs/QmS8UaEimprq4P37ehjDDj7wJ8if3SpjUHfXbXwBfBw5fi/JohnTreanor_GenshinImpactFood_03.png",
      "https://satellite.mypinata.cloud/ipfs/QmS8UaEimprq4P37ehjDDj7wJ8if3SpjUHfXbXwBfBw5fi/JohnTreanor_GenshinImpactFood_04.png",
      "https://satellite.mypinata.cloud/ipfs/QmS8UaEimprq4P37ehjDDj7wJ8if3SpjUHfXbXwBfBw5fi/JohnTreanor_GenshinImpactFood_05.png",
      "https://satellite.mypinata.cloud/ipfs/QmS8UaEimprq4P37ehjDDj7wJ8if3SpjUHfXbXwBfBw5fi/JohnTreanor_GenshinImpactFood_06.png",
      "https://satellite.mypinata.cloud/ipfs/QmS8UaEimprq4P37ehjDDj7wJ8if3SpjUHfXbXwBfBw5fi/JohnTreanor_GenshinImpactFood_07.png",
      "https://satellite.mypinata.cloud/ipfs/QmS8UaEimprq4P37ehjDDj7wJ8if3SpjUHfXbXwBfBw5fi/JohnTreanor_GenshinImpactFood_08.png",
      "https://satellite.mypinata.cloud/ipfs/QmS8UaEimprq4P37ehjDDj7wJ8if3SpjUHfXbXwBfBw5fi/JohnTreanor_GenshinImpactFood_09.png",
    ],
  },
  "genshinTwo": Object {
    "artist": "John Treanor",
    "description": "Short description can go here. Lorem ipsum.",
    "id": "002",
    "name": "Genshin Impact 2",
    "stickerURLs": Array [
      "https://satellite.mypinata.cloud/ipfs/QmRBxCyQa2yJFpF4yiV2wimLX2i32oty8yKFJFsFhyJR2n/JohnTreanor_GenshinImpactFood_10.png",
      "https://satellite.mypinata.cloud/ipfs/QmRBxCyQa2yJFpF4yiV2wimLX2i32oty8yKFJFsFhyJR2n/JohnTreanor_GenshinImpactFood_11.png",
      "https://satellite.mypinata.cloud/ipfs/QmRBxCyQa2yJFpF4yiV2wimLX2i32oty8yKFJFsFhyJR2n/JohnTreanor_GenshinImpactFood_12.png",
      "https://satellite.mypinata.cloud/ipfs/QmRBxCyQa2yJFpF4yiV2wimLX2i32oty8yKFJFsFhyJR2n/JohnTreanor_GenshinImpactFood_13.png",
      "https://satellite.mypinata.cloud/ipfs/QmRBxCyQa2yJFpF4yiV2wimLX2i32oty8yKFJFsFhyJR2n/JohnTreanor_GenshinImpactFood_14.png",
      "https://satellite.mypinata.cloud/ipfs/QmRBxCyQa2yJFpF4yiV2wimLX2i32oty8yKFJFsFhyJR2n/JohnTreanor_GenshinImpactFood_15.png",
      "https://satellite.mypinata.cloud/ipfs/QmRBxCyQa2yJFpF4yiV2wimLX2i32oty8yKFJFsFhyJR2n/JohnTreanor_GenshinImpactFood_16.png",
      "https://satellite.mypinata.cloud/ipfs/QmRBxCyQa2yJFpF4yiV2wimLX2i32oty8yKFJFsFhyJR2n/JohnTreanor_GenshinImpactFood_17.png",
      "https://satellite.mypinata.cloud/ipfs/QmRBxCyQa2yJFpF4yiV2wimLX2i32oty8yKFJFsFhyJR2n/JohnTreanor_GenshinImpactFood_18.png",
      "https://satellite.mypinata.cloud/ipfs/QmRBxCyQa2yJFpF4yiV2wimLX2i32oty8yKFJFsFhyJR2n/JohnTreanor_GenshinImpactFood_19.png",
      "https://satellite.mypinata.cloud/ipfs/QmRBxCyQa2yJFpF4yiV2wimLX2i32oty8yKFJFsFhyJR2n/JohnTreanor_GenshinImpactFood_20.png",
      "https://satellite.mypinata.cloud/ipfs/QmRBxCyQa2yJFpF4yiV2wimLX2i32oty8yKFJFsFhyJR2n/JohnTreanor_GenshinImpactFood_21.png",
    ],
  },
  "grimreaper": Object {
    "artist": "LAM",
    "description": "Short description can go here. Lorem ipsum.",
    "id": "012312",
    "name": "Grim Reaper",
    "stickerURLs": Array [
      "https://satellite.mypinata.cloud/ipfs/QmUk5XGfk4Bf6DPq8WZUz6bWqw8HKBxCjPgUVFy7hois1T/1.png",
      "https://satellite.mypinata.cloud/ipfs/QmUk5XGfk4Bf6DPq8WZUz6bWqw8HKBxCjPgUVFy7hois1T/2.png",
      "https://satellite.mypinata.cloud/ipfs/QmUk5XGfk4Bf6DPq8WZUz6bWqw8HKBxCjPgUVFy7hois1T/3.png",
      "https://satellite.mypinata.cloud/ipfs/QmUk5XGfk4Bf6DPq8WZUz6bWqw8HKBxCjPgUVFy7hois1T/4.png",
      "https://satellite.mypinata.cloud/ipfs/QmUk5XGfk4Bf6DPq8WZUz6bWqw8HKBxCjPgUVFy7hois1T/5.png",
      "https://satellite.mypinata.cloud/ipfs/QmUk5XGfk4Bf6DPq8WZUz6bWqw8HKBxCjPgUVFy7hois1T/6.png",
    ],
  },
  "lamsEmoji": Object {
    "artist": "LAM",
    "description": "Short description can go here. Lorem ipsum.",
    "id": "0103",
    "name": "LAM Collection",
    "stickerURLs": Array [
      "https://satellite.mypinata.cloud/ipfs/QmWdzaL2gUbdAZKLhwBFbiToNmYq9Bt6ALofpSpw3Aiuso/Untitled-1.png",
      "https://satellite.mypinata.cloud/ipfs/QmWdzaL2gUbdAZKLhwBFbiToNmYq9Bt6ALofpSpw3Aiuso/Untitled-3.png",
      "https://satellite.mypinata.cloud/ipfs/QmWdzaL2gUbdAZKLhwBFbiToNmYq9Bt6ALofpSpw3Aiuso/Untitled-4.png",
      "https://satellite.mypinata.cloud/ipfs/QmWdzaL2gUbdAZKLhwBFbiToNmYq9Bt6ALofpSpw3Aiuso/Untitled-5.png",
      "https://satellite.mypinata.cloud/ipfs/QmWdzaL2gUbdAZKLhwBFbiToNmYq9Bt6ALofpSpw3Aiuso/Untitled-6.png",
      "https://satellite.mypinata.cloud/ipfs/QmWdzaL2gUbdAZKLhwBFbiToNmYq9Bt6ALofpSpw3Aiuso/Untitled-7.png",
      "https://satellite.mypinata.cloud/ipfs/QmWdzaL2gUbdAZKLhwBFbiToNmYq9Bt6ALofpSpw3Aiuso/Untitled-8.png",
      "https://satellite.mypinata.cloud/ipfs/QmWdzaL2gUbdAZKLhwBFbiToNmYq9Bt6ALofpSpw3Aiuso/Untitled-9.png",
      "https://satellite.mypinata.cloud/ipfs/QmWdzaL2gUbdAZKLhwBFbiToNmYq9Bt6ALofpSpw3Aiuso/Untitled-10.png",
      "https://satellite.mypinata.cloud/ipfs/QmWdzaL2gUbdAZKLhwBFbiToNmYq9Bt6ALofpSpw3Aiuso/Untitled-11.png",
      "https://satellite.mypinata.cloud/ipfs/QmWdzaL2gUbdAZKLhwBFbiToNmYq9Bt6ALofpSpw3Aiuso/Untitled-13.png",
      "https://satellite.mypinata.cloud/ipfs/QmWdzaL2gUbdAZKLhwBFbiToNmYq9Bt6ALofpSpw3Aiuso/Untitled-14.png",
      "https://satellite.mypinata.cloud/ipfs/QmWdzaL2gUbdAZKLhwBFbiToNmYq9Bt6ALofpSpw3Aiuso/Untitled-15.png",
      "https://satellite.mypinata.cloud/ipfs/QmWdzaL2gUbdAZKLhwBFbiToNmYq9Bt6ALofpSpw3Aiuso/Untitled-16.png",
      "https://satellite.mypinata.cloud/ipfs/QmWdzaL2gUbdAZKLhwBFbiToNmYq9Bt6ALofpSpw3Aiuso/Untitled-17.png",
      "https://satellite.mypinata.cloud/ipfs/QmWdzaL2gUbdAZKLhwBFbiToNmYq9Bt6ALofpSpw3Aiuso/Untitled-18.png",
      "https://satellite.mypinata.cloud/ipfs/QmWdzaL2gUbdAZKLhwBFbiToNmYq9Bt6ALofpSpw3Aiuso/Untitled-19.png",
      "https://satellite.mypinata.cloud/ipfs/QmWdzaL2gUbdAZKLhwBFbiToNmYq9Bt6ALofpSpw3Aiuso/Untitled-20.png",
      "https://satellite.mypinata.cloud/ipfs/QmWdzaL2gUbdAZKLhwBFbiToNmYq9Bt6ALofpSpw3Aiuso/Untitled-21.png",
      "https://satellite.mypinata.cloud/ipfs/QmWdzaL2gUbdAZKLhwBFbiToNmYq9Bt6ALofpSpw3Aiuso/Untitled-22.png",
      "https://satellite.mypinata.cloud/ipfs/QmWdzaL2gUbdAZKLhwBFbiToNmYq9Bt6ALofpSpw3Aiuso/Untitled-23.png",
      "https://satellite.mypinata.cloud/ipfs/QmWdzaL2gUbdAZKLhwBFbiToNmYq9Bt6ALofpSpw3Aiuso/Untitled-122.png",
      "https://satellite.mypinata.cloud/ipfs/QmWdzaL2gUbdAZKLhwBFbiToNmYq9Bt6ALofpSpw3Aiuso/Untitled-612.png",
      "https://satellite.mypinata.cloud/ipfs/QmWdzaL2gUbdAZKLhwBFbiToNmYq9Bt6ALofpSpw3Aiuso/Untitled-6123.png",
    ],
  },
  "marshmellow": Object {
    "artist": "John Treanor",
    "description": "Short description can go here. Lorem ipsum.",
    "id": "012312c",
    "name": "Marshmello",
    "stickerURLs": Array [
      "https://satellite.mypinata.cloud/ipfs/QmYBXXrrHNC61f72xsGgTdnq8uTcGLW6a7LG5NFmRLJgwL/Ahhhhh.gif",
      "https://satellite.mypinata.cloud/ipfs/QmYBXXrrHNC61f72xsGgTdnq8uTcGLW6a7LG5NFmRLJgwL/Emoji_01.png",
      "https://satellite.mypinata.cloud/ipfs/QmYBXXrrHNC61f72xsGgTdnq8uTcGLW6a7LG5NFmRLJgwL/Emoji_02.png",
      "https://satellite.mypinata.cloud/ipfs/QmYBXXrrHNC61f72xsGgTdnq8uTcGLW6a7LG5NFmRLJgwL/Emoji_03.png",
      "https://satellite.mypinata.cloud/ipfs/QmYBXXrrHNC61f72xsGgTdnq8uTcGLW6a7LG5NFmRLJgwL/Emoji_04.png",
      "https://satellite.mypinata.cloud/ipfs/QmYBXXrrHNC61f72xsGgTdnq8uTcGLW6a7LG5NFmRLJgwL/Emoji_05.png",
      "https://satellite.mypinata.cloud/ipfs/QmYBXXrrHNC61f72xsGgTdnq8uTcGLW6a7LG5NFmRLJgwL/Emoji_06.png",
      "https://satellite.mypinata.cloud/ipfs/QmYBXXrrHNC61f72xsGgTdnq8uTcGLW6a7LG5NFmRLJgwL/Emoji_07.png",
      "https://satellite.mypinata.cloud/ipfs/QmYBXXrrHNC61f72xsGgTdnq8uTcGLW6a7LG5NFmRLJgwL/Emoji_08.png",
      "https://satellite.mypinata.cloud/ipfs/QmYBXXrrHNC61f72xsGgTdnq8uTcGLW6a7LG5NFmRLJgwL/Emoji_09.png",
      "https://satellite.mypinata.cloud/ipfs/QmYBXXrrHNC61f72xsGgTdnq8uTcGLW6a7LG5NFmRLJgwL/Emoji_10.png",
      "https://satellite.mypinata.cloud/ipfs/QmYBXXrrHNC61f72xsGgTdnq8uTcGLW6a7LG5NFmRLJgwL/Emoji_11.png",
      "https://satellite.mypinata.cloud/ipfs/QmYBXXrrHNC61f72xsGgTdnq8uTcGLW6a7LG5NFmRLJgwL/Emoji_12.png",
      "https://satellite.mypinata.cloud/ipfs/QmYBXXrrHNC61f72xsGgTdnq8uTcGLW6a7LG5NFmRLJgwL/Emoji_13.png",
      "https://satellite.mypinata.cloud/ipfs/QmYBXXrrHNC61f72xsGgTdnq8uTcGLW6a7LG5NFmRLJgwL/HellYea.gif",
      "https://satellite.mypinata.cloud/ipfs/QmYBXXrrHNC61f72xsGgTdnq8uTcGLW6a7LG5NFmRLJgwL/Luv.gif",
      "https://satellite.mypinata.cloud/ipfs/QmYBXXrrHNC61f72xsGgTdnq8uTcGLW6a7LG5NFmRLJgwL/spark.gif",
    ],
  },
  "starWars": Object {
    "artist": "John Treanor",
    "description": "Short description can go here. Lorem ipsum.",
    "id": "0053",
    "name": "Star Wars",
    "stickerURLs": Array [
      "https://satellite.mypinata.cloud/ipfs/QmcgsWnhMUpactZZQk9CSQ9iXc7cri1aCcDbs6DEfVgcom/JohnTreanor_StarWarsPack_01.png",
      "https://satellite.mypinata.cloud/ipfs/QmcgsWnhMUpactZZQk9CSQ9iXc7cri1aCcDbs6DEfVgcom/JohnTreanor_StarWarsPack_02.png",
      "https://satellite.mypinata.cloud/ipfs/QmcgsWnhMUpactZZQk9CSQ9iXc7cri1aCcDbs6DEfVgcom/JohnTreanor_StarWarsPack_03.png",
      "https://satellite.mypinata.cloud/ipfs/QmcgsWnhMUpactZZQk9CSQ9iXc7cri1aCcDbs6DEfVgcom/JohnTreanor_StarWarsPack_04.png",
      "https://satellite.mypinata.cloud/ipfs/QmcgsWnhMUpactZZQk9CSQ9iXc7cri1aCcDbs6DEfVgcom/JohnTreanor_StarWarsPack_05.png",
      "https://satellite.mypinata.cloud/ipfs/QmcgsWnhMUpactZZQk9CSQ9iXc7cri1aCcDbs6DEfVgcom/JohnTreanor_StarWarsPack_06.png",
      "https://satellite.mypinata.cloud/ipfs/QmcgsWnhMUpactZZQk9CSQ9iXc7cri1aCcDbs6DEfVgcom/JohnTreanor_StarWarsPack_07.png",
      "https://satellite.mypinata.cloud/ipfs/QmcgsWnhMUpactZZQk9CSQ9iXc7cri1aCcDbs6DEfVgcom/JohnTreanor_StarWarsPack_08.png",
      "https://satellite.mypinata.cloud/ipfs/QmcgsWnhMUpactZZQk9CSQ9iXc7cri1aCcDbs6DEfVgcom/JohnTreanor_StarWarsPack_09.png",
    ],
  },
}
`;
