// Jest Snapshot v1, https://goo.gl/fbAQLP

exports[`init gets the constant 1`] = `
Object {
  "astrobunny": Object {
    "artist": "John Treanor",
    "description": "Short description can go here. Lorem ipsum.",
    "id": "0123",
    "name": "Astrobunny",
    "stickerURLs": Array [
      "https://satellite.mypinata.cloud/ipfs/QmRwZDz8qavwCcmq6DSDTDLrt1qzzw2nMcz1pcGuNxdhcW/$1/AHH.gif",
      "https://satellite.mypinata.cloud/ipfs/QmRwZDz8qavwCcmq6DSDTDLrt1qzzw2nMcz1pcGuNxdhcW/$1/AHHcloseup.gif",
      "https://satellite.mypinata.cloud/ipfs/QmRwZDz8qavwCcmq6DSDTDLrt1qzzw2nMcz1pcGuNxdhcW/$1/Coy_02.gif",
      "https://satellite.mypinata.cloud/ipfs/QmRwZDz8qavwCcmq6DSDTDLrt1qzzw2nMcz1pcGuNxdhcW/$1/Cry.gif",
      "https://satellite.mypinata.cloud/ipfs/QmRwZDz8qavwCcmq6DSDTDLrt1qzzw2nMcz1pcGuNxdhcW/$1/Cry2.gif",
      "https://satellite.mypinata.cloud/ipfs/QmRwZDz8qavwCcmq6DSDTDLrt1qzzw2nMcz1pcGuNxdhcW/$1/Laugh.png",
      "https://satellite.mypinata.cloud/ipfs/QmRwZDz8qavwCcmq6DSDTDLrt1qzzw2nMcz1pcGuNxdhcW/$1/Luv.gif",
      "https://satellite.mypinata.cloud/ipfs/QmRwZDz8qavwCcmq6DSDTDLrt1qzzw2nMcz1pcGuNxdhcW/$1/Luv_02.gif",
      "https://satellite.mypinata.cloud/ipfs/QmRwZDz8qavwCcmq6DSDTDLrt1qzzw2nMcz1pcGuNxdhcW/$1/Sad3.gif",
      "https://satellite.mypinata.cloud/ipfs/QmRwZDz8qavwCcmq6DSDTDLrt1qzzw2nMcz1pcGuNxdhcW/$1/ThumbsDownNew.48.gif",
      "https://satellite.mypinata.cloud/ipfs/QmRwZDz8qavwCcmq6DSDTDLrt1qzzw2nMcz1pcGuNxdhcW/$1/ThumbsUP.gif",
      "https://satellite.mypinata.cloud/ipfs/QmRwZDz8qavwCcmq6DSDTDLrt1qzzw2nMcz1pcGuNxdhcW/$1/ThumbsUPNew.gif",
    ],
  },
  "birds": Object {
    "artist": "Dina Brodsky",
    "description": "Short description can go here. Lorem ipsum.",
    "id": "0903",
    "name": "Birds",
    "stickerURLs": Array [
      "https://satellite.mypinata.cloud/ipfs/QmNXed4zJNBn8Ja9aXpVQ66DZ9bVGYcwpd8TbPnfif6cKD/$1/hawk.png",
      "https://satellite.mypinata.cloud/ipfs/QmNXed4zJNBn8Ja9aXpVQ66DZ9bVGYcwpd8TbPnfif6cKD/$1/ducklings.png",
      "https://satellite.mypinata.cloud/ipfs/QmNXed4zJNBn8Ja9aXpVQ66DZ9bVGYcwpd8TbPnfif6cKD/$1/owl.png",
      "https://satellite.mypinata.cloud/ipfs/QmNXed4zJNBn8Ja9aXpVQ66DZ9bVGYcwpd8TbPnfif6cKD/$1/penguins.png",
      "https://satellite.mypinata.cloud/ipfs/QmNXed4zJNBn8Ja9aXpVQ66DZ9bVGYcwpd8TbPnfif6cKD/$1/robin.png",
      "https://satellite.mypinata.cloud/ipfs/QmNXed4zJNBn8Ja9aXpVQ66DZ9bVGYcwpd8TbPnfif6cKD/$1/stork.png",
      "https://satellite.mypinata.cloud/ipfs/QmNXed4zJNBn8Ja9aXpVQ66DZ9bVGYcwpd8TbPnfif6cKD/$1/yellow_bird.png",
    ],
  },
  "blackcat": Object {
    "artist": "Dan Tavis",
    "description": "Short description can go here. Lorem ipsum.",
    "id": "k321r",
    "name": "Black Cat",
    "stickerURLs": Array [
      "https://satellite.mypinata.cloud/ipfs/QmQ3VroPczEHcUyLg9QzR5KAXwhAJtu3pveb5VwstevZZr/$1/Black-Cat-Attention-2.png",
      "https://satellite.mypinata.cloud/ipfs/QmQ3VroPczEHcUyLg9QzR5KAXwhAJtu3pveb5VwstevZZr/$1/Cat-+-Flowers.png",
      "https://satellite.mypinata.cloud/ipfs/QmQ3VroPczEHcUyLg9QzR5KAXwhAJtu3pveb5VwstevZZr/$1/Cat-Vs-Yarn-%28cover%29.png",
      "https://satellite.mypinata.cloud/ipfs/QmQ3VroPczEHcUyLg9QzR5KAXwhAJtu3pveb5VwstevZZr/$1/Fluff.png",
      "https://satellite.mypinata.cloud/ipfs/QmQ3VroPczEHcUyLg9QzR5KAXwhAJtu3pveb5VwstevZZr/$1/Sleep-Day%20%284%29.png",
      "https://satellite.mypinata.cloud/ipfs/QmQ3VroPczEHcUyLg9QzR5KAXwhAJtu3pveb5VwstevZZr/$1/Thumbs-Up-Cat.png",
    ],
  },
  "food": Object {
    "artist": "Lya",
    "description": "Short description can go here. Lorem ipsum.",
    "id": "jdsoer",
    "name": "Food",
    "stickerURLs": Array [
      "https://satellite.mypinata.cloud/ipfs/QmdNKnfZSc6yU8aixKrcK2ghiHZi2kzMwP47sWCB6dh3bN/$1/Beer.gif",
      "https://satellite.mypinata.cloud/ipfs/QmdNKnfZSc6yU8aixKrcK2ghiHZi2kzMwP47sWCB6dh3bN/$1/Toast.gif",
      "https://satellite.mypinata.cloud/ipfs/QmdNKnfZSc6yU8aixKrcK2ghiHZi2kzMwP47sWCB6dh3bN/$1/chocolate_angry.gif",
      "https://satellite.mypinata.cloud/ipfs/QmdNKnfZSc6yU8aixKrcK2ghiHZi2kzMwP47sWCB6dh3bN/$1/chocolate_cute.gif",
      "https://satellite.mypinata.cloud/ipfs/QmdNKnfZSc6yU8aixKrcK2ghiHZi2kzMwP47sWCB6dh3bN/$1/coconut_cute.gif",
      "https://satellite.mypinata.cloud/ipfs/QmdNKnfZSc6yU8aixKrcK2ghiHZi2kzMwP47sWCB6dh3bN/$1/coconut_rude.gif",
      "https://satellite.mypinata.cloud/ipfs/QmdNKnfZSc6yU8aixKrcK2ghiHZi2kzMwP47sWCB6dh3bN/$1/coffee_cute.gif",
      "https://satellite.mypinata.cloud/ipfs/QmdNKnfZSc6yU8aixKrcK2ghiHZi2kzMwP47sWCB6dh3bN/$1/coffee_rude.gif",
      "https://satellite.mypinata.cloud/ipfs/QmdNKnfZSc6yU8aixKrcK2ghiHZi2kzMwP47sWCB6dh3bN/$1/croissant2.gif",
      "https://satellite.mypinata.cloud/ipfs/QmdNKnfZSc6yU8aixKrcK2ghiHZi2kzMwP47sWCB6dh3bN/$1/croissant1.gif",
      "https://satellite.mypinata.cloud/ipfs/QmdNKnfZSc6yU8aixKrcK2ghiHZi2kzMwP47sWCB6dh3bN/$1/fries.gif",
      "https://satellite.mypinata.cloud/ipfs/QmdNKnfZSc6yU8aixKrcK2ghiHZi2kzMwP47sWCB6dh3bN/$1/onigiri.gif",
    ],
  },
  "genshin": Object {
    "artist": "John Treanor",
    "description": "Short description can go here. Lorem ipsum.",
    "id": "001",
    "name": "Genshin Impact 1",
    "stickerURLs": Array [
      "https://satellite.mypinata.cloud/ipfs/QmToeYqY4KxNto6Zz412vnC5cSX9tbeq473oACDemp3gNe/$1/JohnTreanor_GenshinImpactFood_01.png",
      "https://satellite.mypinata.cloud/ipfs/QmToeYqY4KxNto6Zz412vnC5cSX9tbeq473oACDemp3gNe/$1/JohnTreanor_GenshinImpactFood_02.png",
      "https://satellite.mypinata.cloud/ipfs/QmToeYqY4KxNto6Zz412vnC5cSX9tbeq473oACDemp3gNe/$1/JohnTreanor_GenshinImpactFood_03.png",
      "https://satellite.mypinata.cloud/ipfs/QmToeYqY4KxNto6Zz412vnC5cSX9tbeq473oACDemp3gNe/$1/JohnTreanor_GenshinImpactFood_04.png",
      "https://satellite.mypinata.cloud/ipfs/QmToeYqY4KxNto6Zz412vnC5cSX9tbeq473oACDemp3gNe/$1/JohnTreanor_GenshinImpactFood_05.png",
      "https://satellite.mypinata.cloud/ipfs/QmToeYqY4KxNto6Zz412vnC5cSX9tbeq473oACDemp3gNe/$1/JohnTreanor_GenshinImpactFood_06.png",
      "https://satellite.mypinata.cloud/ipfs/QmToeYqY4KxNto6Zz412vnC5cSX9tbeq473oACDemp3gNe/$1/JohnTreanor_GenshinImpactFood_07.png",
      "https://satellite.mypinata.cloud/ipfs/QmToeYqY4KxNto6Zz412vnC5cSX9tbeq473oACDemp3gNe/$1/JohnTreanor_GenshinImpactFood_08.png",
      "https://satellite.mypinata.cloud/ipfs/QmToeYqY4KxNto6Zz412vnC5cSX9tbeq473oACDemp3gNe/$1/JohnTreanor_GenshinImpactFood_09.png",
    ],
  },
  "genshinTwo": Object {
    "artist": "John Treanor",
    "description": "Short description can go here. Lorem ipsum.",
    "id": "002",
    "name": "Genshin Impact 2",
    "stickerURLs": Array [
      "https://satellite.mypinata.cloud/ipfs/QmTNyCC9QLTXzC99wf7YGh6rBQs8L3tjgpbg3dVPebHnB6/$1/JohnTreanor_GenshinImpactFood_10.png",
      "https://satellite.mypinata.cloud/ipfs/QmTNyCC9QLTXzC99wf7YGh6rBQs8L3tjgpbg3dVPebHnB6/$1/JohnTreanor_GenshinImpactFood_11.png",
      "https://satellite.mypinata.cloud/ipfs/QmTNyCC9QLTXzC99wf7YGh6rBQs8L3tjgpbg3dVPebHnB6/$1/JohnTreanor_GenshinImpactFood_12.png",
      "https://satellite.mypinata.cloud/ipfs/QmTNyCC9QLTXzC99wf7YGh6rBQs8L3tjgpbg3dVPebHnB6/$1/JohnTreanor_GenshinImpactFood_13.png",
      "https://satellite.mypinata.cloud/ipfs/QmTNyCC9QLTXzC99wf7YGh6rBQs8L3tjgpbg3dVPebHnB6/$1/JohnTreanor_GenshinImpactFood_14.png",
      "https://satellite.mypinata.cloud/ipfs/QmTNyCC9QLTXzC99wf7YGh6rBQs8L3tjgpbg3dVPebHnB6/$1/JohnTreanor_GenshinImpactFood_15.png",
      "https://satellite.mypinata.cloud/ipfs/QmTNyCC9QLTXzC99wf7YGh6rBQs8L3tjgpbg3dVPebHnB6/$1/JohnTreanor_GenshinImpactFood_16.png",
      "https://satellite.mypinata.cloud/ipfs/QmTNyCC9QLTXzC99wf7YGh6rBQs8L3tjgpbg3dVPebHnB6/$1/JohnTreanor_GenshinImpactFood_17.png",
      "https://satellite.mypinata.cloud/ipfs/QmTNyCC9QLTXzC99wf7YGh6rBQs8L3tjgpbg3dVPebHnB6/$1/JohnTreanor_GenshinImpactFood_18.png",
      "https://satellite.mypinata.cloud/ipfs/QmTNyCC9QLTXzC99wf7YGh6rBQs8L3tjgpbg3dVPebHnB6/$1/JohnTreanor_GenshinImpactFood_19.png",
      "https://satellite.mypinata.cloud/ipfs/QmTNyCC9QLTXzC99wf7YGh6rBQs8L3tjgpbg3dVPebHnB6/$1/JohnTreanor_GenshinImpactFood_20.png",
      "https://satellite.mypinata.cloud/ipfs/QmTNyCC9QLTXzC99wf7YGh6rBQs8L3tjgpbg3dVPebHnB6/$1/JohnTreanor_GenshinImpactFood_21.png",
    ],
  },
  "grimreaper": Object {
    "artist": "LAM",
    "description": "Short description can go here. Lorem ipsum.",
    "id": "012312",
    "name": "Grim Reaper",
    "stickerURLs": Array [
      "https://satellite.mypinata.cloud/ipfs/QmWzGaV5zKn1MowCF9FXHT53WoPh5GjHrfpw6danzucUqT/$1/1.png",
      "https://satellite.mypinata.cloud/ipfs/QmWzGaV5zKn1MowCF9FXHT53WoPh5GjHrfpw6danzucUqT/$1/2.png",
      "https://satellite.mypinata.cloud/ipfs/QmWzGaV5zKn1MowCF9FXHT53WoPh5GjHrfpw6danzucUqT/$1/3.png",
      "https://satellite.mypinata.cloud/ipfs/QmWzGaV5zKn1MowCF9FXHT53WoPh5GjHrfpw6danzucUqT/$1/4.png",
      "https://satellite.mypinata.cloud/ipfs/QmWzGaV5zKn1MowCF9FXHT53WoPh5GjHrfpw6danzucUqT/$1/5.png",
      "https://satellite.mypinata.cloud/ipfs/QmWzGaV5zKn1MowCF9FXHT53WoPh5GjHrfpw6danzucUqT/$1/6.png",
    ],
  },
  "lamsEmoji": Object {
    "artist": "LAM",
    "description": "Short description can go here. Lorem ipsum.",
    "id": "0103",
    "name": "LAM Collection",
    "stickerURLs": Array [
      "https://satellite.mypinata.cloud/ipfs/QmeRqtgfCmhHZoV924hjTTwqakEQtydjwgryaAmCz3Z4C7/$1/Untitled-1.png",
      "https://satellite.mypinata.cloud/ipfs/QmeRqtgfCmhHZoV924hjTTwqakEQtydjwgryaAmCz3Z4C7/$1/Untitled-3.png",
      "https://satellite.mypinata.cloud/ipfs/QmeRqtgfCmhHZoV924hjTTwqakEQtydjwgryaAmCz3Z4C7/$1/Untitled-4.png",
      "https://satellite.mypinata.cloud/ipfs/QmeRqtgfCmhHZoV924hjTTwqakEQtydjwgryaAmCz3Z4C7/$1/Untitled-5.png",
      "https://satellite.mypinata.cloud/ipfs/QmeRqtgfCmhHZoV924hjTTwqakEQtydjwgryaAmCz3Z4C7/$1/Untitled-6.png",
      "https://satellite.mypinata.cloud/ipfs/QmeRqtgfCmhHZoV924hjTTwqakEQtydjwgryaAmCz3Z4C7/$1/Untitled-7.png",
      "https://satellite.mypinata.cloud/ipfs/QmeRqtgfCmhHZoV924hjTTwqakEQtydjwgryaAmCz3Z4C7/$1/Untitled-8.png",
      "https://satellite.mypinata.cloud/ipfs/QmeRqtgfCmhHZoV924hjTTwqakEQtydjwgryaAmCz3Z4C7/$1/Untitled-9.png",
      "https://satellite.mypinata.cloud/ipfs/QmeRqtgfCmhHZoV924hjTTwqakEQtydjwgryaAmCz3Z4C7/$1/Untitled-10.png",
      "https://satellite.mypinata.cloud/ipfs/QmeRqtgfCmhHZoV924hjTTwqakEQtydjwgryaAmCz3Z4C7/$1/Untitled-11.png",
      "https://satellite.mypinata.cloud/ipfs/QmeRqtgfCmhHZoV924hjTTwqakEQtydjwgryaAmCz3Z4C7/$1/Untitled-13.png",
      "https://satellite.mypinata.cloud/ipfs/QmeRqtgfCmhHZoV924hjTTwqakEQtydjwgryaAmCz3Z4C7/$1/Untitled-14.png",
      "https://satellite.mypinata.cloud/ipfs/QmeRqtgfCmhHZoV924hjTTwqakEQtydjwgryaAmCz3Z4C7/$1/Untitled-15.png",
      "https://satellite.mypinata.cloud/ipfs/QmeRqtgfCmhHZoV924hjTTwqakEQtydjwgryaAmCz3Z4C7/$1/Untitled-16.png",
      "https://satellite.mypinata.cloud/ipfs/QmeRqtgfCmhHZoV924hjTTwqakEQtydjwgryaAmCz3Z4C7/$1/Untitled-17.png",
      "https://satellite.mypinata.cloud/ipfs/QmeRqtgfCmhHZoV924hjTTwqakEQtydjwgryaAmCz3Z4C7/$1/Untitled-18.png",
      "https://satellite.mypinata.cloud/ipfs/QmeRqtgfCmhHZoV924hjTTwqakEQtydjwgryaAmCz3Z4C7/$1/Untitled-19.png",
      "https://satellite.mypinata.cloud/ipfs/QmeRqtgfCmhHZoV924hjTTwqakEQtydjwgryaAmCz3Z4C7/$1/Untitled-20.png",
      "https://satellite.mypinata.cloud/ipfs/QmeRqtgfCmhHZoV924hjTTwqakEQtydjwgryaAmCz3Z4C7/$1/Untitled-21.png",
      "https://satellite.mypinata.cloud/ipfs/QmeRqtgfCmhHZoV924hjTTwqakEQtydjwgryaAmCz3Z4C7/$1/Untitled-22.png",
      "https://satellite.mypinata.cloud/ipfs/QmeRqtgfCmhHZoV924hjTTwqakEQtydjwgryaAmCz3Z4C7/$1/Untitled-23.png",
      "https://satellite.mypinata.cloud/ipfs/QmeRqtgfCmhHZoV924hjTTwqakEQtydjwgryaAmCz3Z4C7/$1/Untitled-122.png",
      "https://satellite.mypinata.cloud/ipfs/QmeRqtgfCmhHZoV924hjTTwqakEQtydjwgryaAmCz3Z4C7/$1/Untitled-612.png",
      "https://satellite.mypinata.cloud/ipfs/QmeRqtgfCmhHZoV924hjTTwqakEQtydjwgryaAmCz3Z4C7/$1/Untitled-6123.png",
    ],
  },
  "marshmellow": Object {
    "artist": "John Treanor",
    "description": "Short description can go here. Lorem ipsum.",
    "id": "012312c",
    "name": "Marshmello",
    "stickerURLs": Array [
      "https://satellite.mypinata.cloud/ipfs/QmRdEKurqzzVd6ZAozkGt3jf4mPpKioq9hCinFJr1s2BmS/$1/Ahhhhh.gif",
      "https://satellite.mypinata.cloud/ipfs/QmRdEKurqzzVd6ZAozkGt3jf4mPpKioq9hCinFJr1s2BmS/$1/Emoji_01.png",
      "https://satellite.mypinata.cloud/ipfs/QmRdEKurqzzVd6ZAozkGt3jf4mPpKioq9hCinFJr1s2BmS/$1/Emoji_02.png",
      "https://satellite.mypinata.cloud/ipfs/QmRdEKurqzzVd6ZAozkGt3jf4mPpKioq9hCinFJr1s2BmS/$1/Emoji_03.png",
      "https://satellite.mypinata.cloud/ipfs/QmRdEKurqzzVd6ZAozkGt3jf4mPpKioq9hCinFJr1s2BmS/$1/Emoji_04.png",
      "https://satellite.mypinata.cloud/ipfs/QmRdEKurqzzVd6ZAozkGt3jf4mPpKioq9hCinFJr1s2BmS/$1/Emoji_05.png",
      "https://satellite.mypinata.cloud/ipfs/QmRdEKurqzzVd6ZAozkGt3jf4mPpKioq9hCinFJr1s2BmS/$1/Emoji_06.png",
      "https://satellite.mypinata.cloud/ipfs/QmRdEKurqzzVd6ZAozkGt3jf4mPpKioq9hCinFJr1s2BmS/$1/Emoji_07.png",
      "https://satellite.mypinata.cloud/ipfs/QmRdEKurqzzVd6ZAozkGt3jf4mPpKioq9hCinFJr1s2BmS/$1/Emoji_08.png",
      "https://satellite.mypinata.cloud/ipfs/QmRdEKurqzzVd6ZAozkGt3jf4mPpKioq9hCinFJr1s2BmS/$1/Emoji_09.png",
      "https://satellite.mypinata.cloud/ipfs/QmRdEKurqzzVd6ZAozkGt3jf4mPpKioq9hCinFJr1s2BmS/$1/Emoji_10.png",
      "https://satellite.mypinata.cloud/ipfs/QmRdEKurqzzVd6ZAozkGt3jf4mPpKioq9hCinFJr1s2BmS/$1/Emoji_11.png",
      "https://satellite.mypinata.cloud/ipfs/QmRdEKurqzzVd6ZAozkGt3jf4mPpKioq9hCinFJr1s2BmS/$1/Emoji_12.png",
      "https://satellite.mypinata.cloud/ipfs/QmRdEKurqzzVd6ZAozkGt3jf4mPpKioq9hCinFJr1s2BmS/$1/Emoji_13.png",
      "https://satellite.mypinata.cloud/ipfs/QmRdEKurqzzVd6ZAozkGt3jf4mPpKioq9hCinFJr1s2BmS/$1/HellYea.gif",
      "https://satellite.mypinata.cloud/ipfs/QmRdEKurqzzVd6ZAozkGt3jf4mPpKioq9hCinFJr1s2BmS/$1/Luv.gif",
      "https://satellite.mypinata.cloud/ipfs/QmRdEKurqzzVd6ZAozkGt3jf4mPpKioq9hCinFJr1s2BmS/$1/spark.gif",
    ],
  },
  "starWars": Object {
    "artist": "John Treanor",
    "description": "Short description can go here. Lorem ipsum.",
    "id": "0053",
    "name": "Star Wars",
    "stickerURLs": Array [
      "https://satellite.mypinata.cloud/ipfs/QmVdkZL4Ez9tvkdP8bcMycKpkeTRg5MUXxqnZGsNLeYsmj/$1/JohnTreanor_StarWarsPack_01.png",
      "https://satellite.mypinata.cloud/ipfs/QmVdkZL4Ez9tvkdP8bcMycKpkeTRg5MUXxqnZGsNLeYsmj/$1/JohnTreanor_StarWarsPack_02.png",
      "https://satellite.mypinata.cloud/ipfs/QmVdkZL4Ez9tvkdP8bcMycKpkeTRg5MUXxqnZGsNLeYsmj/$1/JohnTreanor_StarWarsPack_03.png",
      "https://satellite.mypinata.cloud/ipfs/QmVdkZL4Ez9tvkdP8bcMycKpkeTRg5MUXxqnZGsNLeYsmj/$1/JohnTreanor_StarWarsPack_04.png",
      "https://satellite.mypinata.cloud/ipfs/QmVdkZL4Ez9tvkdP8bcMycKpkeTRg5MUXxqnZGsNLeYsmj/$1/JohnTreanor_StarWarsPack_05.png",
      "https://satellite.mypinata.cloud/ipfs/QmVdkZL4Ez9tvkdP8bcMycKpkeTRg5MUXxqnZGsNLeYsmj/$1/JohnTreanor_StarWarsPack_06.png",
      "https://satellite.mypinata.cloud/ipfs/QmVdkZL4Ez9tvkdP8bcMycKpkeTRg5MUXxqnZGsNLeYsmj/$1/JohnTreanor_StarWarsPack_07.png",
      "https://satellite.mypinata.cloud/ipfs/QmVdkZL4Ez9tvkdP8bcMycKpkeTRg5MUXxqnZGsNLeYsmj/$1/JohnTreanor_StarWarsPack_08.png",
      "https://satellite.mypinata.cloud/ipfs/QmVdkZL4Ez9tvkdP8bcMycKpkeTRg5MUXxqnZGsNLeYsmj/$1/JohnTreanor_StarWarsPack_09.png",
    ],
  },
}
`;
