// Jest Snapshot v1, https://goo.gl/fbAQLP

exports[`init should return the initial settings state 1`] = `
Object {
  "active": "",
  "adapter": "",
  "encryptedPhrase": "",
  "entropyMessage": "",
  "error": "",
  "gasPrice": "",
  "initialized": false,
  "isNewAccount": false,
  "lastVisited": "/",
  "loading": false,
  "locked": true,
  "phrase": "",
  "pinHash": "",
  "registered": false,
  "registrationStatus": "unknown",
  "registry": false,
  "storePin": false,
}
`;
