// Jest Snapshot v1, https://goo.gl/fbAQLP

exports[`mutations.default.search 0 1`] = `undefined`;

exports[`mutations.default.search 1 1`] = `undefined`;

exports[`mutations.default.search 2 1`] = `undefined`;

exports[`mutations.default.search 3 1`] = `undefined`;

exports[`mutations.default.search 4 1`] = `undefined`;

exports[`mutations.default.search 5 1`] = `undefined`;

exports[`mutations.default.setSearchQuery 0 1`] = `undefined`;

exports[`mutations.default.setSearchQuery 1 1`] = `undefined`;

exports[`mutations.default.setSearchQuery 2 1`] = `undefined`;

exports[`mutations.default.setSearchQuery 3 1`] = `undefined`;

exports[`mutations.default.setSearchQuery 4 1`] = `undefined`;

exports[`mutations.default.setSearchQuery 5 1`] = `undefined`;
