// Jest Snapshot v1, https://goo.gl/fbAQLP

exports[`getters.default.getTimezone 0 1`] = `"Europe/Paris"`;

exports[`getters.default.getTimezone 1 1`] = `"Asia/Yakutsk"`;

exports[`getters.default.getTimezone 2 1`] = `"Europe/Paris"`;

exports[`getters.default.getTimezone 3 1`] = `"Asia/Tehran"`;

exports[`getters.default.getTimezone 4 1`] = `"Europe/Berlin"`;

exports[`getters.default.getTimezone 5 1`] = `""`;
