// Jest Snapshot v1, https://goo.gl/fbAQLP

exports[`state.default 0 1`] = `
Object {
  "audioInput": "",
  "audioOutput": "",
  "bitrate": 96000,
  "captureMouse": "always",
  "displayCurrentActivity": true,
  "echoCancellation": true,
  "embeddedLinks": true,
  "keybinds": Object {
    "callActiveChat": "alt+c",
    "openSettings": "alt+s",
    "toggleDeafen": "alt+d",
    "toggleMute": "alt+m",
  },
  "noiseSuppression": true,
  "sampleSize": 24,
  "timezone": "UTC",
  "userDeniedAudioAccess": false,
  "userHasGivenAudioAccess": false,
  "videoInput": "",
}
`;
